Component: ARM Compiler 5.06 update 7 (build 960) Tool: armlink [4d3601]

==============================================================================

Section Cross References

    startup_stm32f446xx.o(STACK) refers (Special) to heapauxi.o(.text) for __use_two_region_memory
    startup_stm32f446xx.o(HEAP) refers (Special) to heapauxi.o(.text) for __use_two_region_memory
    startup_stm32f446xx.o(RESET) refers (Special) to heapauxi.o(.text) for __use_two_region_memory
    startup_stm32f446xx.o(RESET) refers to startup_stm32f446xx.o(STACK) for __initial_sp
    startup_stm32f446xx.o(RESET) refers to startup_stm32f446xx.o(.text) for Reset_Handler
    startup_stm32f446xx.o(RESET) refers to stm32f4xx_it.o(i.NMI_Handler) for NMI_Handler
    startup_stm32f446xx.o(RESET) refers to stm32f4xx_it.o(i.HardFault_Handler) for HardFault_Handler
    startup_stm32f446xx.o(RESET) refers to stm32f4xx_it.o(i.MemManage_Handler) for MemManage_Handler
    startup_stm32f446xx.o(RESET) refers to stm32f4xx_it.o(i.BusFault_Handler) for BusFault_Handler
    startup_stm32f446xx.o(RESET) refers to stm32f4xx_it.o(i.UsageFault_Handler) for UsageFault_Handler
    startup_stm32f446xx.o(RESET) refers to stm32f4xx_it.o(i.SVC_Handler) for SVC_Handler
    startup_stm32f446xx.o(RESET) refers to stm32f4xx_it.o(i.DebugMon_Handler) for DebugMon_Handler
    startup_stm32f446xx.o(RESET) refers to stm32f4xx_it.o(i.PendSV_Handler) for PendSV_Handler
    startup_stm32f446xx.o(RESET) refers to stm32f4xx_it.o(i.SysTick_Handler) for SysTick_Handler
    startup_stm32f446xx.o(RESET) refers to stm32f4xx_it.o(i.DMA1_Stream1_IRQHandler) for DMA1_Stream1_IRQHandler
    startup_stm32f446xx.o(RESET) refers to stm32f4xx_it.o(i.DMA1_Stream2_IRQHandler) for DMA1_Stream2_IRQHandler
    startup_stm32f446xx.o(RESET) refers to stm32f4xx_it.o(i.DMA1_Stream3_IRQHandler) for DMA1_Stream3_IRQHandler
    startup_stm32f446xx.o(RESET) refers to stm32f4xx_it.o(i.USART3_IRQHandler) for USART3_IRQHandler
    startup_stm32f446xx.o(RESET) refers to stm32f4xx_it.o(i.TIM5_IRQHandler) for TIM5_IRQHandler
    startup_stm32f446xx.o(RESET) refers to stm32f4xx_it.o(i.UART4_IRQHandler) for UART4_IRQHandler
    startup_stm32f446xx.o(RESET) refers to stm32f4xx_it.o(i.TIM6_DAC_IRQHandler) for TIM6_DAC_IRQHandler
    startup_stm32f446xx.o(.text) refers (Special) to heapauxi.o(.text) for __use_two_region_memory
    startup_stm32f446xx.o(.text) refers to system_stm32f4xx.o(i.SystemInit) for SystemInit
    startup_stm32f446xx.o(.text) refers to __main.o(!!!main) for __main
    startup_stm32f446xx.o(.text) refers to startup_stm32f446xx.o(HEAP) for Heap_Mem
    startup_stm32f446xx.o(.text) refers to startup_stm32f446xx.o(STACK) for Stack_Mem
    communication.o(i.Communication_Init) refers to stm32f4xx_hal_uart.o(i.HAL_UART_Receive_DMA) for HAL_UART_Receive_DMA
    communication.o(i.Communication_Init) refers to communication.o(.bss) for .bss
    communication.o(i.Communication_Init) refers to usart.o(.bss) for huart3
    communication.o(i.HAL_UART_RxCpltCallback) refers to stm32f4xx_hal_uart.o(i.HAL_UART_Receive_IT) for HAL_UART_Receive_IT
    communication.o(i.HAL_UART_RxCpltCallback) refers to stm32f4xx_hal_uart.o(i.HAL_UART_Receive_DMA) for HAL_UART_Receive_DMA
    communication.o(i.HAL_UART_RxCpltCallback) refers to main.o(.data) for tip
    communication.o(i.HAL_UART_RxCpltCallback) refers to communication.o(.data) for .data
    communication.o(i.HAL_UART_RxCpltCallback) refers to ax_laser_task.o(.data) for uart4_rx_byte
    communication.o(i.HAL_UART_RxCpltCallback) refers to communication.o(.bss) for .bss
    communication.o(i.HAL_UART_RxCpltCallback) refers to usart.o(.bss) for huart4
    car_control.o(i.GoForward_PID) refers to pid.o(i.PID_Set_Setpoint) for PID_Set_Setpoint
    car_control.o(i.GoForward_PID) refers to car_control.o(.bss) for .bss
    car_control.o(i.PID1) refers to d2f.o(x$fpl$d2f) for __aeabi_d2f
    car_control.o(i.PID1) refers to oled.o(i.OLED_Showdecimal8X16) for OLED_Showdecimal8X16
    car_control.o(i.PID1) refers to motor.o(i.angle) for angle
    car_control.o(i.PID1) refers to car_control.o(i.motorA_goBackward) for motorA_goBackward
    car_control.o(i.PID1) refers to car_control.o(i.right) for right
    car_control.o(i.PID1) refers to main.o(.data) for status
    car_control.o(i.PID1) refers to main.o(.bss) for mpu6050
    car_control.o(i.PID_TurnToLeft) refers to d2f.o(x$fpl$d2f) for __aeabi_d2f
    car_control.o(i.PID_TurnToLeft) refers to car_control.o(i.motorA_goBackward) for motorA_goBackward
    car_control.o(i.PID_TurnToLeft) refers to car_control.o(i.motorB_goForward) for motorB_goForward
    car_control.o(i.PID_TurnToLeft) refers to car_control.o(i.motorA_goForward) for motorA_goForward
    car_control.o(i.PID_TurnToLeft) refers to car_control.o(i.motorB_goBackward) for motorB_goBackward
    car_control.o(i.PID_TurnToLeft) refers to stm32f4xx_hal.o(i.HAL_Delay) for HAL_Delay
[...]
    Kp                                       0x200000c0   Data           4  motor.o(.data)
    Ki                                       0x200000c4   Data           4  motor.o(.data)
    Kd                                       0x200000c8   Data           4  motor.o(.data)
    last_Bias                                0x200000cc   Data           4  motor.o(.data)
    integral_error                           0x200000d0   Data           4  motor.o(.data)
    .data                                    0x200000e8   Section       36  main.o(.data)
    .data                                    0x2000010c   Section       12  stm32f4xx_hal.o(.data)
    .data                                    0x20000118   Section        4  system_stm32f4xx.o(.data)
    .bss                                     0x2000011c   Section     5616  communication.o(.bss)
    .bss                                     0x2000170c   Section       64  car_control.o(.bss)
    s_pid_left                               0x2000170c   Data          32  car_control.o(.bss)
    s_pid_right                              0x2000172c   Data          32  car_control.o(.bss)
    .bss                                     0x20001750   Section     7920  main.o(.bss)
    .bss                                     0x20003640   Section       96  dma.o(.bss)
    .bss                                     0x200036a0   Section      168  i2c.o(.bss)
    .bss                                     0x20003748   Section      504  tim.o(.bss)
    .bss                                     0x20003940   Section      504  usart.o(.bss)
    .bss                                     0x20003b38   Section       96  libspace.o(.bss)
    HEAP                                     0x20003b98   Section      512  startup_stm32f446xx.o(HEAP)
    Heap_Mem                                 0x20003b98   Data         512  startup_stm32f446xx.o(HEAP)
    STACK                                    0x20003d98   Section     1024  startup_stm32f446xx.o(STACK)
    Stack_Mem                                0x20003d98   Data        1024  startup_stm32f446xx.o(STACK)
    __initial_sp                             0x20004198   Data           0  startup_stm32f446xx.o(STACK)

    Global Symbols

    Symbol Name                              Value     Ov Type        Size  Object(Section)

    BuildAttributes$$THM_ISAv4$E$P$D$K$B$S$7EM$VFPi3$EXTD16$VFPS$VFMA$PE$A:L22UL41UL21$X:L11$S22US41US21$IEEE1$IW$USESV6$~STKCKD$USESV7$~SHL$OTIME$ROPI$IEEEX$EBA8$UX$STANDARDLIB$REQ8$PRES8$EABIv2 0x00000000   Number         0  anon$$obj.o ABSOLUTE
    __ARM_use_no_argv                        0x00000000   Number         0  main.o ABSOLUTE
    __ARM_exceptions_init                     - Undefined Weak Reference
    __alloca_initialize                       - Undefined Weak Reference
    __arm_fini_                               - Undefined Weak Reference
    __arm_preinit_                            - Undefined Weak Reference
    __cpp_initialize__aeabi_                  - Undefined Weak Reference
    __cxa_finalize                            - Undefined Weak Reference
    __rt_locale                               - Undefined Weak Reference
    __sigvec_lookup                           - Undefined Weak Reference
    __user_heap_extent                        - Undefined Weak Reference
    _atexit_init                              - Undefined Weak Reference
    _call_atexit_fns                          - Undefined Weak Reference
    _clock_init                               - Undefined Weak Reference
    _fp_trap_init                             - Undefined Weak Reference
    _fp_trap_shutdown                         - Undefined Weak Reference
    _get_lc_collate                           - Undefined Weak Reference
    _get_lc_ctype                             - Undefined Weak Reference
    _get_lc_monetary                          - Undefined Weak Reference
    _get_lc_numeric                           - Undefined Weak Reference
    _get_lc_time                              - Undefined Weak Reference
    _getenv_init                              - Undefined Weak Reference
    _handle_redirection                       - Undefined Weak Reference
    _initio                                   - Undefined Weak Reference
    _mutex_acquire                            - Undefined Weak Reference
    _mutex_free                               - Undefined Weak Reference
    _mutex_release                            - Undefined Weak Reference
    _rand_init                                - Undefined Weak Reference
    _signal_finish                            - Undefined Weak Reference
    _signal_init                              - Undefined Weak Reference
    _terminateio                              - Undefined Weak Reference
    __Vectors_Size                           0x000001c4   Number         0  startup_stm32f446xx.o ABSOLUTE
    __Vectors                                0x08000000   Data           4  startup_stm32f446xx.o(RESET)
    __Vectors_End                            0x080001c4   Data           0  startup_stm32f446xx.o(RESET)
    __main                                   0x080001c5   Thumb Code     8  __main.o(!!!main)
    __scatterload                            0x080001cd   Thumb Code     0  __scatter.o(!!!scatter)
    __scatterload_rt2                        0x080001cd   Thumb Code    44  __scatter.o(!!!scatter)
    __scatterload_rt2_thumb_only             0x080001cd   Thumb Code     0  __scatter.o(!!!scatter)
    __scatterload_null                       0x080001db   Thumb Code     0  __scatter.o(!!!scatter)
    __scatterload_copy                       0x08000201   Thumb Code    26  __scatter_copy.o(!!handler_copy)
    __scatterload_zeroinit                   0x0800021d   Thumb Code    28  __scatter_zi.o(!!handler_zi)
    __rt_lib_init                            0x08000239   Thumb Code     0  libinit.o(.ARM.Collect$$libinit$$00000000)
    __rt_lib_init_fp_1                       0x0800023b   Thumb Code     0  libinit2.o(.ARM.Collect$$libinit$$00000001)
    __rt_lib_init_heap_2                     0x0800023f   Thumb Code     0  libinit2.o(.ARM.Collect$$libinit$$00000005)
    __rt_lib_init_preinit_1                  0x0800023f   Thumb Code     0  libinit2.o(.ARM.Collect$$libinit$$00000004)
    __rt_lib_init_alloca_1                   0x08000247   Thumb Code     0  libinit2.o(.ARM.Collect$$libinit$$0000002E)
    __rt_lib_init_argv_1                     0x08000247   Thumb Code     0  libinit2.o(.ARM.Collect$$libinit$$0000002C)
    __rt_lib_init_atexit_1                   0x08000247   Thumb Code     0  libinit2.o(.ARM.Collect$$libinit$$0000001B)
    __rt_lib_init_clock_1                    0x08000247   Thumb Code     0  libinit2.o(.ARM.Collect$$libinit$$00000021)
    __rt_lib_init_cpp_1                      0x08000247   Thumb Code     0  libinit2.o(.ARM.Collect$$libinit$$00000032)
    __rt_lib_init_exceptions_1               0x08000247   Thumb Code     0  libinit2.o(.ARM.Collect$$libinit$$00000030)
    __rt_lib_init_fp_trap_1                  0x08000247   Thumb Code     0  libinit2.o(.ARM.Collect$$libinit$$0000001F)
    __rt_lib_init_getenv_1                   0x08000247   Thumb Code     0  libinit2.o(.ARM.Collect$$libinit$$00000023)
    __rt_lib_init_heap_1                     0x08000247   Thumb Code     0  libinit2.o(.ARM.Collect$$libinit$$0000000A)
    __rt_lib_init_lc_collate_1               0x08000247   Thumb Code     0  libinit2.o(.ARM.Collect$$libinit$$00000011)
    __rt_lib_init_lc_ctype_1                 0x08000247   Thumb Code     0  libinit2.o(.ARM.Collect$$libinit$$00000013)
    __rt_lib_init_lc_monetary_1              0x08000247   Thumb Code     0  libinit2.o(.ARM.Collect$$libinit$$00000015)
    __rt_lib_init_lc_numeric_1               0x08000247   Thumb Code     0  libinit2.o(.ARM.Collect$$libinit$$00000017)
    __rt_lib_init_lc_time_1                  0x08000247   Thumb Code     0  libinit2.o(.ARM.Collect$$libinit$$00000019)
    __rt_lib_init_rand_1                     0x08000247   Thumb Code     0  libinit2.o(.ARM.Collect$$libinit$$0000000E)
    __rt_lib_init_return                     0x08000247   Thumb Code     0  libinit2.o(.ARM.Collect$$libinit$$00000033)
    __rt_lib_init_signal_1                   0x08000247   Thumb Code     0  libinit2.o(.ARM.Collect$$libinit$$0000001D)
    __rt_lib_init_stdio_1                    0x08000247   Thumb Code     0  libinit2.o(.ARM.Collect$$libinit$$00000025)
    __rt_lib_init_user_alloc_1               0x08000247   Thumb Code     0  libinit2.o(.ARM.Collect$$libinit$$0000000C)
    __rt_lib_shutdown                        0x08000249   Thumb Code     0  libshutdown.o(.ARM.Collect$$libshutdown$$00000000)
    __rt_lib_shutdown_cpp_1                  0x0800024b   Thumb Code     0  libshutdown2.o(.ARM.Collect$$libshutdown$$00000004)
    __rt_lib_shutdown_fini_1                 0x0800024b   Thumb Code     0  libshutdown2.o(.ARM.Collect$$libshutdown$$00000002)
    __rt_lib_shutdown_fp_trap_1              0x0800024b   Thumb Code     0  libshutdown2.o(.ARM.Collect$$libshutdown$$00000009)
    __rt_lib_shutdown_heap_1                 0x0800024b   Thumb Code     0  libshutdown2.o(.ARM.Collect$$libshutdown$$00000011)
    __rt_lib_shutdown_return                 0x0800024b   Thumb Code     0  libshutdown2.o(.ARM.Collect$$libshutdown$$00000012)
    __rt_lib_shutdown_signal_1               0x0800024b   Thumb Code     0  libshutdown2.o(.ARM.Collect$$libshutdown$$0000000C)
    __rt_lib_shutdown_stdio_1                0x0800024b   Thumb Code     0  libshutdown2.o(.ARM.Collect$$libshutdown$$00000006)
    __rt_lib_shutdown_user_alloc_1           0x0800024b   Thumb Code     0  libshutdown2.o(.ARM.Collect$$libshutdown$$0000000E)
    __rt_entry                               0x0800024d   Thumb Code     0  __rtentry.o(.ARM.Collect$$rtentry$$00000000)
    __rt_entry_presh_1                       0x0800024d   Thumb Code     0  __rtentry2.o(.ARM.Collect$$rtentry$$00000002)
    __rt_entry_sh                            0x0800024d   Thumb Code     0  __rtentry4.o(.ARM.Collect$$rtentry$$00000004)
    __rt_entry_li                            0x08000253   Thumb Code     0  __rtentry2.o(.ARM.Collect$$rtentry$$0000000A)
    __rt_entry_postsh_1                      0x08000253   Thumb Code     0  __rtentry2.o(.ARM.Collect$$rtentry$$00000009)
    __rt_entry_main                          0x08000257   Thumb Code     0  __rtentry2.o(.ARM.Collect$$rtentry$$0000000D)
    __rt_entry_postli_1                      0x08000257   Thumb Code     0  __rtentry2.o(.ARM.Collect$$rtentry$$0000000C)
    __rt_exit                                0x0800025f   Thumb Code     0  rtexit.o(.ARM.Collect$$rtexit$$00000000)
    __rt_exit_ls                             0x08000261   Thumb Code     0  rtexit2.o(.ARM.Collect$$rtexit$$00000003)
    __rt_exit_prels_1                        0x08000261   Thumb Code     0  rtexit2.o(.ARM.Collect$$rtexit$$00000002)
    __rt_exit_exit                           0x08000265   Thumb Code     0  rtexit2.o(.ARM.Collect$$rtexit$$00000004)
    Reset_Handler                            0x0800026d   Thumb Code     8  startup_stm32f446xx.o(.text)
    _maybe_terminate_alloc                   0x0800026d   Thumb Code     0  maybetermalloc1.o(.emb_text)
    ADC_IRQHandler                           0x08000287   Thumb Code     0  startup_stm32f446xx.o(.text)
    CAN1_RX0_IRQHandler                      0x08000287   Thumb Code     0  startup_stm32f446xx.o(.text)
    CAN1_RX1_IRQHandler                      0x08000287   Thumb Code     0  startup_stm32f446xx.o(.text)
    CAN1_SCE_IRQHandler                      0x08000287   Thumb Code     0  startup_stm32f446xx.o(.text)
    CAN1_TX_IRQHandler                       0x08000287   Thumb Code     0  startup_stm32f446xx.o(.text)
    CAN2_RX0_IRQHandler                      0x08000287   Thumb Code     0  startup_stm32f446xx.o(.text)
    CAN2_RX1_IRQHandler                      0x08000287   Thumb Code     0  startup_stm32f446xx.o(.text)
    CAN2_SCE_IRQHandler                      0x08000287   Thumb Code     0  startup_stm32f446xx.o(.text)
    CAN2_TX_IRQHandler                       0x08000287   Thumb Code     0  startup_stm32f446xx.o(.text)
    CEC_IRQHandler                           0x08000287   Thumb Code     0  startup_stm32f446xx.o(.text)
    DCMI_IRQHandler                          0x08000287   Thumb Code     0  startup_stm32f446xx.o(.text)
    DMA1_Stream0_IRQHandler                  0x08000287   Thumb Code     0  startup_stm32f446xx.o(.text)
    DMA1_Stream4_IRQHandler                  0x08000287   Thumb Code     0  startup_stm32f446xx.o(.text)
    DMA1_Stream5_IRQHandler                  0x08000287   Thumb Code     0  startup_stm32f446xx.o(.text)
    DMA1_Stream6_IRQHandler                  0x08000287   Thumb Code     0  startup_stm32f446xx.o(.text)
    DMA1_Stream7_IRQHandler                  0x08000287   Thumb Code     0  startup_stm32f446xx.o(.text)
    DMA2_Stream0_IRQHandler                  0x08000287   Thumb Code     0  startup_stm32f446xx.o(.text)
    DMA2_Stream1_IRQHandler                  0x08000287   Thumb Code     0  startup_stm32f446xx.o(.text)
    DMA2_Stream2_IRQHandler                  0x08000287   Thumb Code     0  startup_stm32f446xx.o(.text)
    DMA2_Stream3_IRQHandler                  0x08000287   Thumb Code     0  startup_stm32f446xx.o(.text)
    DMA2_Stream4_IRQHandler                  0x08000287   Thumb Code     0  startup_stm32f446xx.o(.text)
    DMA2_Stream5_IRQHandler                  0x08000287   Thumb Code     0  startup_stm32f446xx.o(.text)
    DMA2_Stream6_IRQHandler                  0x08000287   Thumb Code     0  startup_stm32f446xx.o(.text)
    DMA2_Stream7_IRQHandler                  0x08000287   Thumb Code     0  startup_stm32f446xx.o(.text)
    EXTI0_IRQHandler                         0x08000287   Thumb Code     0  startup_stm32f446xx.o(.text)
    EXTI15_10_IRQHandler                     0x08000287   Thumb Code     0  startup_stm32f446xx.o(.text)
    EXTI1_IRQHandler                         0x08000287   Thumb Code     0  startup_stm32f446xx.o(.text)
    EXTI2_IRQHandler                         0x08000287   Thumb Code     0  startup_stm32f446xx.o(.text)
    EXTI3_IRQHandler                         0x08000287   Thumb Code     0  startup_stm32f446xx.o(.text)
    EXTI4_IRQHandler                         0x08000287   Thumb Code     0  startup_stm32f446xx.o(.text)
    EXTI9_5_IRQHandler                       0x08000287   Thumb Code     0  startup_stm32f446xx.o(.text)
    FLASH_IRQHandler                         0x08000287   Thumb Code     0  startup_stm32f446xx.o(.text)
    FMC_IRQHandler                           0x08000287   Thumb Code     0  startup_stm32f446xx.o(.text)
    FMPI2C1_ER_IRQHandler                    0x08000287   Thumb Code     0  startup_stm32f446xx.o(.text)
    FMPI2C1_EV_IRQHandler                    0x08000287   Thumb Code     0  startup_stm32f446xx.o(.text)
    FPU_IRQHandler                           0x08000287   Thumb Code     0  startup_stm32f446xx.o(.text)
    I2C1_ER_IRQHandler                       0x08000287   Thumb Code     0  startup_stm32f446xx.o(.text)
    I2C1_EV_IRQHandler                       0x08000287   Thumb Code     0  startup_stm32f446xx.o(.text)
    I2C2_ER_IRQHandler                       0x08000287   Thumb Code     0  startup_stm32f446xx.o(.text)
    I2C2_EV_IRQHandler                       0x08000287   Thumb Code     0  startup_stm32f446xx.o(.text)
    I2C3_ER_IRQHandler                       0x08000287   Thumb Code     0  startup_stm32f446xx.o(.text)
    I2C3_EV_IRQHandler                       0x08000287   Thumb Code     0  startup_stm32f446xx.o(.text)
    OTG_FS_IRQHandler                        0x08000287   Thumb Code     0  startup_stm32f446xx.o(.text)
    OTG_FS_WKUP_IRQHandler                   0x08000287   Thumb Code     0  startup_stm32f446xx.o(.text)
    OTG_HS_EP1_IN_IRQHandler                 0x08000287   Thumb Code     0  startup_stm32f446xx.o(.text)
    OTG_HS_EP1_OUT_IRQHandler                0x08000287   Thumb Code     0  startup_stm32f446xx.o(.text)
    OTG_HS_IRQHandler                        0x08000287   Thumb Code     0  startup_stm32f446xx.o(.text)
    OTG_HS_WKUP_IRQHandler                   0x08000287   Thumb Code     0  startup_stm32f446xx.o(.text)
    PVD_IRQHandler                           0x08000287   Thumb Code     0  startup_stm32f446xx.o(.text)
    QUADSPI_IRQHandler                       0x08000287   Thumb Code     0  startup_stm32f446xx.o(.text)
    RCC_IRQHandler                           0x08000287   Thumb Code     0  startup_stm32f446xx.o(.text)
    RTC_Alarm_IRQHandler                     0x08000287   Thumb Code     0  startup_stm32f446xx.o(.text)
    RTC_WKUP_IRQHandler                      0x08000287   Thumb Code     0  startup_stm32f446xx.o(.text)
    SAI1_IRQHandler                          0x08000287   Thumb Code     0  startup_stm32f446xx.o(.text)
    SAI2_IRQHandler                          0x08000287   Thumb Code     0  startup_stm32f446xx.o(.text)
    SDIO_IRQHandler                          0x08000287   Thumb Code     0  startup_stm32f446xx.o(.text)
    SPDIF_RX_IRQHandler                      0x08000287   Thumb Code     0  startup_stm32f446xx.o(.text)
    SPI1_IRQHandler                          0x08000287   Thumb Code     0  startup_stm32f446xx.o(.text)
    SPI2_IRQHandler                          0x08000287   Thumb Code     0  startup_stm32f446xx.o(.text)
    SPI3_IRQHandler                          0x08000287   Thumb Code     0  startup_stm32f446xx.o(.text)
    SPI4_IRQHandler                          0x08000287   Thumb Code     0  startup_stm32f446xx.o(.text)
    TAMP_STAMP_IRQHandler                    0x08000287   Thumb Code     0  startup_stm32f446xx.o(.text)
    TIM1_BRK_TIM9_IRQHandler                 0x08000287   Thumb Code     0  startup_stm32f446xx.o(.text)
    TIM1_CC_IRQHandler                       0x08000287   Thumb Code     0  startup_stm32f446xx.o(.text)
    TIM1_TRG_COM_TIM11_IRQHandler            0x08000287   Thumb Code     0  startup_stm32f446xx.o(.text)
    TIM1_UP_TIM10_IRQHandler                 0x08000287   Thumb Code     0  startup_stm32f446xx.o(.text)
    TIM2_IRQHandler                          0x08000287   Thumb Code     0  startup_stm32f446xx.o(.text)
    TIM3_IRQHandler                          0x08000287   Thumb Code     0  startup_stm32f446xx.o(.text)
    TIM4_IRQHandler                          0x08000287   Thumb Code     0  startup_stm32f446xx.o(.text)
    TIM7_IRQHandler                          0x08000287   Thumb Code     0  startup_stm32f446xx.o(.text)
    TIM8_BRK_TIM12_IRQHandler                0x08000287   Thumb Code     0  startup_stm32f446xx.o(.text)
    TIM8_CC_IRQHandler                       0x08000287   Thumb Code     0  startup_stm32f446xx.o(.text)
    TIM8_TRG_COM_TIM14_IRQHandler            0x08000287   Thumb Code     0  startup_stm32f446xx.o(.text)
    TIM8_UP_TIM13_IRQHandler                 0x08000287   Thumb Code     0  startup_stm32f446xx.o(.text)
    UART5_IRQHandler                         0x08000287   Thumb Code     0  startup_stm32f446xx.o(.text)
    USART1_IRQHandler                        0x08000287   Thumb Code     0  startup_stm32f446xx.o(.text)
    USART2_IRQHandler                        0x08000287   Thumb Code     0  startup_stm32f446xx.o(.text)
    USART6_IRQHandler                        0x08000287   Thumb Code     0  startup_stm32f446xx.o(.text)
    WWDG_IRQHandler                          0x08000287   Thumb Code     0  startup_stm32f446xx.o(.text)
    __user_initial_stackheap                 0x08000289   Thumb Code     0  startup_stm32f446xx.o(.text)
    malloc                                   0x080002ad   Thumb Code    94  h1_alloc.o(.text)
    free                                     0x0800030b   Thumb Code    78  h1_free.o(.text)
    __aeabi_uldivmod                         0x08000359   Thumb Code     0  lludivv7m.o(.text)
    _ll_udiv                                 0x08000359   Thumb Code   238  lludivv7m.o(.text)
    __aeabi_memcpy4                          0x08000447   Thumb Code     0  rt_memcpy_w.o(.text)
    __aeabi_memcpy8                          0x08000447   Thumb Code     0  rt_memcpy_w.o(.text)
    __rt_memcpy_w                            0x08000447   Thumb Code   100  rt_memcpy_w.o(.text)
    _memcpy_lastbytes_aligned                0x0800048f   Thumb Code     0  rt_memcpy_w.o(.text)
    __aeabi_memclr4                          0x080004ab   Thumb Code     0  rt_memclr_w.o(.text)
    __aeabi_memclr8                          0x080004ab   Thumb Code     0  rt_memclr_w.o(.text)
    __rt_memclr_w                            0x080004ab   Thumb Code    78  rt_memclr_w.o(.text)
    _memset_w                                0x080004af   Thumb Code     0  rt_memclr_w.o(.text)
    __use_two_region_memory                  0x080004f9   Thumb Code     2  heapauxi.o(.text)
    __rt_heap_escrow                         0x080004fb   Thumb Code     2  heapauxi.o(.text)
    __rt_heap_expand                         0x080004fd   Thumb Code     2  heapauxi.o(.text)
    __rt_heap_descriptor                     0x08000501   Thumb Code     8  rt_heap_descriptor_intlibspace.o(.text)
    __use_no_heap                            0x08000509   Thumb Code     2  hguard.o(.text)
    __heap$guard                             0x0800050b   Thumb Code     2  hguard.o(.text)
    _terminate_user_alloc                    0x0800050d   Thumb Code     2  init_alloc.o(.text)
    _init_user_alloc                         0x0800050f   Thumb Code     2  init_alloc.o(.text)
    __Heap_Full                              0x08000511   Thumb Code    34  init_alloc.o(.text)
    __Heap_Broken                            0x08000533   Thumb Code     6  init_alloc.o(.text)
    _init_alloc                              0x08000539   Thumb Code    94  init_alloc.o(.text)
    __Heap_Initialize                        0x08000597   Thumb Code    10  h1_init.o(.text)
    __Heap_DescSize                          0x080005a1   Thumb Code     4  h1_init.o(.text)
    __read_errno                             0x080005a5   Thumb Code    10  _rserrno.o(.text)
    __set_errno                              0x080005af   Thumb Code    12  _rserrno.o(.text)
    __user_libspace                          0x080005bd   Thumb Code     8  libspace.o(.text)
    __user_perproc_libspace                  0x080005bd   Thumb Code     0  libspace.o(.text)
    __user_perthread_libspace                0x080005bd   Thumb Code     0  libspace.o(.text)
    __aeabi_errno_addr                       0x080005c5   Thumb Code     8  rt_errno_addr_intlibspace.o(.text)
    __errno$intlibspace                      0x080005c5   Thumb Code     0  rt_errno_addr_intlibspace.o(.text)
    __rt_errno_addr$intlibspace              0x080005c5   Thumb Code     0  rt_errno_addr_intlibspace.o(.text)
    __Heap_ProvideMemory                     0x080005cd   Thumb Code    52  h1_extend.o(.text)
    __rt_SIGRTMEM                            0x08000601   Thumb Code    14  defsig_rtmem_outer.o(.text)
    __I$use$semihosting                      0x0800060f   Thumb Code     0  use_no_semi.o(.text)
    __use_no_semihosting_swi                 0x0800060f   Thumb Code     2  use_no_semi.o(.text)
    __semihosting_library_function           0x08000611   Thumb Code     0  indicate_semi.o(.text)
    __user_setup_stackheap                   0x08000611   Thumb Code    74  sys_stackheap_outer.o(.text)
    exit                                     0x0800065b   Thumb Code    18  exit.o(.text)
    __sig_exit                               0x0800066d   Thumb Code    10  defsig_exit.o(.text)
    __rt_SIGRTMEM_inner                      0x08000679   Thumb Code    22  defsig_rtmem_inner.o(.text)
    _sys_exit                                0x080006c9   Thumb Code     8  sys_exit.o(.text)
    __default_signal_display                 0x080006d5   Thumb Code    50  defsig_general.o(.text)
    _ttywrch                                 0x08000707   Thumb Code    14  sys_wrch.o(.text)
    AX_DELAY_Init                            0x08000715   Thumb Code    32  ax_delay.o(i.AX_DELAY_Init)
    AX_Delayms                               0x0800073d   Thumb Code     4  ax_delay.o(i.AX_Delayms)
    AX_LASER_Init                            0x08000741   Thumb Code   102  ax_laser.o(i.AX_LASER_Init)
    AX_LASER_Start                           0x080007b1   Thumb Code    24  ax_laser.o(i.AX_LASER_Start)
    BusFault_Handler                         0x080007d1   Thumb Code     2  stm32f4xx_it.o(i.BusFault_Handler)
    Communication_Init                       0x080007d5   Thumb Code    10  communication.o(i.Communication_Init)
    DMA1_Stream1_IRQHandler                  0x080007e9   Thumb Code   100  stm32f4xx_it.o(i.DMA1_Stream1_IRQHandler)
    DMA1_Stream2_IRQHandler                  0x08000859   Thumb Code   106  stm32f4xx_it.o(i.DMA1_Stream2_IRQHandler)
    DMA1_Stream3_IRQHandler                  0x080008d9   Thumb Code     6  stm32f4xx_it.o(i.DMA1_Stream3_IRQHandler)
    DebugMon_Handler                         0x08000989   Thumb Code     2  stm32f4xx_it.o(i.DebugMon_Handler)
    Encoder_Init                             0x0800098d   Thumb Code    34  encoder.o(i.Encoder_Init)
    Error_Handler                            0x080009b9   Thumb Code     4  main.o(i.Error_Handler)
    GetMotorPulse                            0x080009bd   Thumb Code    48  motor.o(i.GetMotorPulse)
    HAL_DMA_Abort                            0x080009f9   Thumb Code   146  stm32f4xx_hal_dma.o(i.HAL_DMA_Abort)
    HAL_DMA_Abort_IT                         0x08000a8b   Thumb Code    36  stm32f4xx_hal_dma.o(i.HAL_DMA_Abort_IT)
    HAL_DMA_IRQHandler                       0x08000ab1   Thumb Code   412  stm32f4xx_hal_dma.o(i.HAL_DMA_IRQHandler)
    HAL_DMA_Init                             0x08000c51   Thumb Code   206  stm32f4xx_hal_dma.o(i.HAL_DMA_Init)
    HAL_DMA_Start_IT                         0x08000d25   Thumb Code   110  stm32f4xx_hal_dma.o(i.HAL_DMA_Start_IT)
    HAL_Delay                                0x08000d95   Thumb Code    32  stm32f4xx_hal.o(i.HAL_Delay)
    HAL_GPIO_Init                            0x08000db9   Thumb Code   436  stm32f4xx_hal_gpio.o(i.HAL_GPIO_Init)
    HAL_GPIO_WritePin                        0x08000f95   Thumb Code    10  stm32f4xx_hal_gpio.o(i.HAL_GPIO_WritePin)
    HAL_GetTick                              0x08000fa1   Thumb Code     6  stm32f4xx_hal.o(i.HAL_GetTick)
    HAL_I2C_Init                             0x08000fad   Thumb Code   376  stm32f4xx_hal_i2c.o(i.HAL_I2C_Init)
    HAL_I2C_Mem_Read                         0x08001135   Thumb Code   502  stm32f4xx_hal_i2c.o(i.HAL_I2C_Mem_Read)
    HAL_I2C_Mem_Write                        0x08001339   Thumb Code   294  stm32f4xx_hal_i2c.o(i.HAL_I2C_Mem_Write)
    HAL_I2C_MspInit                          0x08001469   Thumb Code   208  i2c.o(i.HAL_I2C_MspInit)
    HAL_IncTick                              0x08001551   Thumb Code    12  stm32f4xx_hal.o(i.HAL_IncTick)
    HAL_Init                                 0x08001561   Thumb Code    48  stm32f4xx_hal.o(i.HAL_Init)
    HAL_InitTick                             0x08001595   Thumb Code    54  stm32f4xx_hal.o(i.HAL_InitTick)
    HAL_MspInit                              0x080015d5   Thumb Code    42  stm32f4xx_hal_msp.o(i.HAL_MspInit)
    HAL_NVIC_EnableIRQ                       0x08001605   Thumb Code    26  stm32f4xx_hal_cortex.o(i.HAL_NVIC_EnableIRQ)
    HAL_NVIC_SetPriority                     0x08001621   Thumb Code    60  stm32f4xx_hal_cortex.o(i.HAL_NVIC_SetPriority)
    HAL_NVIC_SetPriorityGrouping             0x08001661   Thumb Code    26  stm32f4xx_hal_cortex.o(i.HAL_NVIC_SetPriorityGrouping)
    HAL_RCC_ClockConfig                      0x08001685   Thumb Code   288  stm32f4xx_hal_rcc.o(i.HAL_RCC_ClockConfig)
    HAL_RCC_GetPCLK1Freq                     0x080017b9   Thumb Code    20  stm32f4xx_hal_rcc.o(i.HAL_RCC_GetPCLK1Freq)
    HAL_RCC_GetPCLK2Freq                     0x080017d9   Thumb Code    20  stm32f4xx_hal_rcc.o(i.HAL_RCC_GetPCLK2Freq)
    HAL_RCC_GetSysClockFreq                  0x080017f9   Thumb Code   140  stm32f4xx_hal_rcc_ex.o(i.HAL_RCC_GetSysClockFreq)
    HAL_RCC_OscConfig                        0x0800188d   Thumb Code   900  stm32f4xx_hal_rcc_ex.o(i.HAL_RCC_OscConfig)
    HAL_SYSTICK_Config                       0x08001c25   Thumb Code    40  stm32f4xx_hal_cortex.o(i.HAL_SYSTICK_Config)
    HAL_TIMEx_BreakCallback                  0x08001c4d   Thumb Code     2  stm32f4xx_hal_tim_ex.o(i.HAL_TIMEx_BreakCallback)
    HAL_TIMEx_CommutCallback                 0x08001c4f   Thumb Code     2  stm32f4xx_hal_tim_ex.o(i.HAL_TIMEx_CommutCallback)
    HAL_TIMEx_MasterConfigSynchronization    0x08001c51   Thumb Code   116  stm32f4xx_hal_tim_ex.o(i.HAL_TIMEx_MasterConfigSynchronization)
    HAL_TIM_Base_Init                        0x08001ce1   Thumb Code    90  stm32f4xx_hal_tim.o(i.HAL_TIM_Base_Init)
    HAL_TIM_Base_MspInit                     0x08001d3d   Thumb Code   156  tim.o(i.HAL_TIM_Base_MspInit)
    HAL_TIM_Base_Start                       0x08001df1   Thumb Code    90  stm32f4xx_hal_tim.o(i.HAL_TIM_Base_Start)
    HAL_TIM_Base_Start_IT                    0x08001e69   Thumb Code   100  stm32f4xx_hal_tim.o(i.HAL_TIM_Base_Start_IT)
    HAL_TIM_ConfigClockSource                0x08001ee9   Thumb Code   220  stm32f4xx_hal_tim.o(i.HAL_TIM_ConfigClockSource)
    HAL_TIM_Encoder_Init                     0x08001fc5   Thumb Code   164  stm32f4xx_hal_tim.o(i.HAL_TIM_Encoder_Init)
    HAL_TIM_Encoder_MspInit                  0x08002069   Thumb Code   150  tim.o(i.HAL_TIM_Encoder_MspInit)
    HAL_TIM_Encoder_Start                    0x08002111   Thumb Code   142  stm32f4xx_hal_tim.o(i.HAL_TIM_Encoder_Start)
    HAL_TIM_IC_CaptureCallback               0x0800219f   Thumb Code     2  stm32f4xx_hal_tim.o(i.HAL_TIM_IC_CaptureCallback)
    HAL_TIM_IRQHandler                       0x080021a1   Thumb Code   304  stm32f4xx_hal_tim.o(i.HAL_TIM_IRQHandler)
    HAL_TIM_MspPostInit                      0x080022d1   Thumb Code   104  tim.o(i.HAL_TIM_MspPostInit)
    HAL_TIM_OC_DelayElapsedCallback          0x08002349   Thumb Code     2  stm32f4xx_hal_tim.o(i.HAL_TIM_OC_DelayElapsedCallback)
    HAL_TIM_PWM_ConfigChannel                0x0800234b   Thumb Code   204  stm32f4xx_hal_tim.o(i.HAL_TIM_PWM_ConfigChannel)
    HAL_TIM_PWM_Init                         0x08002417   Thumb Code    90  stm32f4xx_hal_tim.o(i.HAL_TIM_PWM_Init)
    HAL_TIM_PWM_MspInit                      0x08002471   Thumb Code     2  stm32f4xx_hal_tim.o(i.HAL_TIM_PWM_MspInit)
    HAL_TIM_PWM_PulseFinishedCallback        0x08002473   Thumb Code     2  stm32f4xx_hal_tim.o(i.HAL_TIM_PWM_PulseFinishedCallback)
    HAL_TIM_PWM_Start                        0x08002475   Thumb Code   172  stm32f4xx_hal_tim.o(i.HAL_TIM_PWM_Start)
    HAL_TIM_PeriodElapsedCallback            0x0800253d   Thumb Code   282  main.o(i.HAL_TIM_PeriodElapsedCallback)
    HAL_TIM_TriggerCallback                  0x08002689   Thumb Code     2  stm32f4xx_hal_tim.o(i.HAL_TIM_TriggerCallback)
    HAL_UARTEx_RxEventCallback               0x0800268b   Thumb Code     2  stm32f4xx_hal_uart.o(i.HAL_UARTEx_RxEventCallback)
    HAL_UART_ErrorCallback                   0x0800268d   Thumb Code     2  stm32f4xx_hal_uart.o(i.HAL_UART_ErrorCallback)
    HAL_UART_IRQHandler                      0x08002691   Thumb Code   636  stm32f4xx_hal_uart.o(i.HAL_UART_IRQHandler)
    HAL_UART_Init                            0x08002911   Thumb Code   100  stm32f4xx_hal_uart.o(i.HAL_UART_Init)
    HAL_UART_MspInit                         0x08002975   Thumb Code   434  usart.o(i.HAL_UART_MspInit)
    HAL_UART_Receive_DMA                     0x08002b4d   Thumb Code    28  stm32f4xx_hal_uart.o(i.HAL_UART_Receive_DMA)
    HAL_UART_Receive_IT                      0x08002b69   Thumb Code    28  stm32f4xx_hal_uart.o(i.HAL_UART_Receive_IT)
    HAL_UART_RxCpltCallback                  0x08002b85   Thumb Code    72  communication.o(i.HAL_UART_RxCpltCallback)
    HAL_UART_RxHalfCpltCallback              0x08002bed   Thumb Code     2  stm32f4xx_hal_uart.o(i.HAL_UART_RxHalfCpltCallback)
    HAL_UART_Transmit                        0x08002bef   Thumb Code   160  stm32f4xx_hal_uart.o(i.HAL_UART_Transmit)
    HAL_UART_Transmit_DMA                    0x08002c91   Thumb Code   120  stm32f4xx_hal_uart.o(i.HAL_UART_Transmit_DMA)
    HAL_UART_TxCpltCallback                  0x08002d15   Thumb Code     2  stm32f4xx_hal_uart.o(i.HAL_UART_TxCpltCallback)
    HAL_UART_TxHalfCpltCallback              0x08002d17   Thumb Code     2  stm32f4xx_hal_uart.o(i.HAL_UART_TxHalfCpltCallback)
    HardFault_Handler                        0x08002d19   Thumb Code     2  stm32f4xx_it.o(i.HardFault_Handler)
    Kalman_getAngle                          0x08003157   Thumb Code   470  mpu6050.o(i.Kalman_getAngle)
    Laser_Task_Init                          0x0800332d   Thumb Code    36  ax_laser_task.o(i.Laser_Task_Init)
    MPU6050_Init                             0x08003359   Thumb Code   146  mpu6050.o(i.MPU6050_Init)
    MPU6050_Read_All                         0x080033ed   Thumb Code   752  mpu6050.o(i.MPU6050_Read_All)
    MX_DMA_Init                              0x08003739   Thumb Code   140  dma.o(i.MX_DMA_Init)
    MX_GPIO_Init                             0x080037d1   Thumb Code   138  gpio.o(i.MX_GPIO_Init)
    MX_I2C1_Init                             0x08003869   Thumb Code    50  i2c.o(i.MX_I2C1_Init)
    MX_I2C3_Init                             0x080038a9   Thumb Code    50  i2c.o(i.MX_I2C3_Init)
    MX_TIM1_Init                             0x080038e9   Thumb Code    94  tim.o(i.MX_TIM1_Init)
    MX_TIM2_Init                             0x08003951   Thumb Code    98  tim.o(i.MX_TIM2_Init)
    MX_TIM3_Init                             0x080039b9   Thumb Code   206  tim.o(i.MX_TIM3_Init)
    MX_TIM5_Init                             0x08003a91   Thumb Code    96  tim.o(i.MX_TIM5_Init)
    MX_TIM6_Init                             0x08003af9   Thumb Code    60  tim.o(i.MX_TIM6_Init)
    MX_TIM7_Init                             0x08003b3d   Thumb Code    60  tim.o(i.MX_TIM7_Init)
    MX_TIM8_Init                             0x08003b81   Thumb Code   100  tim.o(i.MX_TIM8_Init)
    MX_UART4_Init                            0x08003bed   Thumb Code    48  usart.o(i.MX_UART4_Init)
    MX_USART2_UART_Init                      0x08003c25   Thumb Code    48  usart.o(i.MX_USART2_UART_Init)
    MX_USART3_UART_Init                      0x08003c5d   Thumb Code    48  usart.o(i.MX_USART3_UART_Init)
    MemManage_Handler                        0x08003c95   Thumb Code     2  stm32f4xx_it.o(i.MemManage_Handler)
    NMI_Handler                              0x08003c97   Thumb Code     2  stm32f4xx_it.o(i.NMI_Handler)
    OLED_Clear                               0x08003c99   Thumb Code    38  oled.o(i.OLED_Clear)
    OLED_Init                                0x08003cc1   Thumb Code    40  oled.o(i.OLED_Init)
    OLED_ShowChar8X16                        0x08003d01   Thumb Code    70  oled.o(i.OLED_ShowChar8X16)
    OLED_ShowNum8X16                         0x08003d4d   Thumb Code    70  oled.o(i.OLED_ShowNum8X16)
    OLED_ShowString8X16                      0x08003d95   Thumb Code    42  oled.o(i.OLED_ShowString8X16)
    OLED_Showdecimal8X16                     0x08003dbf   Thumb Code   140  oled.o(i.OLED_Showdecimal8X16)
    PID1                                     0x08003e4d   Thumb Code   106  car_control.o(i.PID1)
    PID_Init                                 0x08003ec9   Thumb Code    30  pid.o(i.PID_Init)
    PID_Set_Setpoint                         0x08003eed   Thumb Code     6  pid.o(i.PID_Set_Setpoint)
    PID_TurnToLeft                           0x08003ef5   Thumb Code   226  car_control.o(i.PID_TurnToLeft)
    PendSV_Handler                           0x08003ff1   Thumb Code     2  stm32f4xx_it.o(i.PendSV_Handler)
    SVC_Handler                              0x08003ff3   Thumb Code     2  stm32f4xx_it.o(i.SVC_Handler)
    Speed_PID_Init                           0x08003ff5   Thumb Code   134  car_control.o(i.Speed_PID_Init)
    Speed_Solver_Init                        0x08004095   Thumb Code    16  speed_solver.o(i.Speed_Solver_Init)
    SysTick_Handler                          0x080040ad   Thumb Code     4  stm32f4xx_it.o(i.SysTick_Handler)
    SystemClock_Config                       0x080040b1   Thumb Code   142  main.o(i.SystemClock_Config)
    SystemInit                               0x08004149   Thumb Code    12  system_stm32f4xx.o(i.SystemInit)
    TIM5_IRQHandler                          0x08004159   Thumb Code     6  stm32f4xx_it.o(i.TIM5_IRQHandler)
    TIM6_DAC_IRQHandler                      0x08004165   Thumb Code     6  stm32f4xx_it.o(i.TIM6_DAC_IRQHandler)
    TIM_Base_SetConfig                       0x08004171   Thumb Code   164  stm32f4xx_hal_tim.o(i.TIM_Base_SetConfig)
    TIM_CCxChannelCmd                        0x08004241   Thumb Code    26  stm32f4xx_hal_tim.o(i.TIM_CCxChannelCmd)
    TIM_ETR_SetConfig                        0x0800425b   Thumb Code    20  stm32f4xx_hal_tim.o(i.TIM_ETR_SetConfig)
    TIM_OC2_SetConfig                        0x080042e1   Thumb Code    98  stm32f4xx_hal_tim.o(i.TIM_OC2_SetConfig)
    UART4_IRQHandler                         0x0800444d   Thumb Code     6  stm32f4xx_it.o(i.UART4_IRQHandler)
    UART_Start_Receive_DMA                   0x080047d9   Thumb Code   146  stm32f4xx_hal_uart.o(i.UART_Start_Receive_DMA)
    UART_Start_Receive_IT                    0x08004879   Thumb Code    54  stm32f4xx_hal_uart.o(i.UART_Start_Receive_IT)
    USART3_IRQHandler                        0x08004921   Thumb Code     6  stm32f4xx_it.o(i.USART3_IRQHandler)
    UsageFault_Handler                       0x0800492d   Thumb Code     2  stm32f4xx_it.o(i.UsageFault_Handler)
    __ARM_fpclassify                         0x0800492f   Thumb Code    48  fpclassify.o(i.__ARM_fpclassify)
    __hardfp_atan                            0x08004981   Thumb Code   622  atan.o(i.__hardfp_atan)
    __hardfp_atan2                           0x08004c59   Thumb Code   448  atan2.o(i.__hardfp_atan2)
    __hardfp_fabs                            0x08004e59   Thumb Code    20  fabs.o(i.__hardfp_fabs)
    __hardfp_sqrt                            0x08004e6d   Thumb Code   122  sqrt.o(i.__hardfp_sqrt)
    __kernel_poly                            0x08004ee7   Thumb Code   248  poly.o(i.__kernel_poly)
    __mathlib_dbl_infnan                     0x08004fdf   Thumb Code    20  dunder.o(i.__mathlib_dbl_infnan)
    __mathlib_dbl_infnan2                    0x08004ff3   Thumb Code    20  dunder.o(i.__mathlib_dbl_infnan2)
    __mathlib_dbl_underflow                  0x08005009   Thumb Code    24  dunder.o(i.__mathlib_dbl_underflow)
    _getNumPost                              0x08005029   Thumb Code    38  oled.o(i._getNumPost)
    _pow                                     0x0800504f   Thumb Code    16  oled.o(i._pow)
    _setPosition                             0x0800505f   Thumb Code    36  oled.o(i._setPosition)
    _writeCMD                                0x08005085   Thumb Code    32  oled.o(i._writeCMD)
    _writeDATA                               0x080050a9   Thumb Code    32  oled.o(i._writeDATA)
    angle                                    0x080050cd   Thumb Code    96  motor.o(i.angle)
    atan                                     0x08005145   Thumb Code    16  atan.o(i.atan)
    clc                                      0x08005155   Thumb Code    18  main.o(i.clc)
    fabs                                     0x0800516d   Thumb Code    24  fabs.o(i.fabs)
    limit                                    0x08005185   Thumb Code    48  car_control.o(i.limit)
    main                                     0x080051b5   Thumb Code   372  main.o(i.main)
    right                                    0x08005405   Thumb Code    60  car_control.o(i.right)
    send_packetPacNew                        0x08005441   Thumb Code    54  main.o(i.send_packetPacNew)
    stopMotors                               0x08005481   Thumb Code    14  car_control.o(i.stopMotors)
    __aeabi_dneg                             0x0800548f   Thumb Code     0  basic.o(x$fpl$basic)
    _dneg                                    0x0800548f   Thumb Code     6  basic.o(x$fpl$basic)
    __aeabi_fneg                             0x08005495   Thumb Code     0  basic.o(x$fpl$basic)
    _fneg                                    0x08005495   Thumb Code     6  basic.o(x$fpl$basic)
    _dabs                                    0x0800549b   Thumb Code     6  basic.o(x$fpl$basic)
    _fabs                                    0x080054a1   Thumb Code     6  basic.o(x$fpl$basic)
    __aeabi_d2f                              0x080054a9   Thumb Code     0  d2f.o(x$fpl$d2f)
    _d2f                                     0x080054a9   Thumb Code    98  d2f.o(x$fpl$d2f)
    __aeabi_dadd                             0x0800550d   Thumb Code     0  daddsub_clz.o(x$fpl$dadd)
    _dadd                                    0x0800550d   Thumb Code   332  daddsub_clz.o(x$fpl$dadd)
    __fpl_dcmp_Inf                           0x0800565d   Thumb Code    24  dcmpi.o(x$fpl$dcmpinf)
    __aeabi_ddiv                             0x08005675   Thumb Code     0  ddiv.o(x$fpl$ddiv)
    _ddiv                                    0x08005675   Thumb Code   552  ddiv.o(x$fpl$ddiv)
    __aeabi_cdcmpeq                          0x08005925   Thumb Code     0  deqf.o(x$fpl$deqf)
    _dcmpeq                                  0x08005925   Thumb Code   120  deqf.o(x$fpl$deqf)
    __aeabi_i2d                              0x0800599d   Thumb Code     0  dflt_clz.o(x$fpl$dflt)
    _dflt                                    0x0800599d   Thumb Code    46  dflt_clz.o(x$fpl$dflt)
    __aeabi_ui2d                             0x080059cb   Thumb Code     0  dflt_clz.o(x$fpl$dfltu)
    _dfltu                                   0x080059cb   Thumb Code    38  dflt_clz.o(x$fpl$dfltu)
    __aeabi_cdcmple                          0x080059f1   Thumb Code     0  dleqf.o(x$fpl$dleqf)
    _dcmple                                  0x080059f1   Thumb Code   120  dleqf.o(x$fpl$dleqf)
    __fpl_dcmple_InfNaN                      0x08005a53   Thumb Code     0  dleqf.o(x$fpl$dleqf)
    __aeabi_dmul                             0x08005a69   Thumb Code     0  dmul.o(x$fpl$dmul)
    _dmul                                    0x08005a69   Thumb Code   332  dmul.o(x$fpl$dmul)
    __fpl_dnaninf                            0x08005bbd   Thumb Code   156  dnaninf.o(x$fpl$dnaninf)
    __fpl_dretinf                            0x08005c59   Thumb Code    12  dretinf.o(x$fpl$dretinf)
    __aeabi_cdrcmple                         0x08005c65   Thumb Code     0  drleqf.o(x$fpl$drleqf)
    _drcmple                                 0x08005c65   Thumb Code   108  drleqf.o(x$fpl$drleqf)
    __aeabi_drsub                            0x08005cd1   Thumb Code     0  daddsub_clz.o(x$fpl$drsb)
    _drsb                                    0x08005cd1   Thumb Code    22  daddsub_clz.o(x$fpl$drsb)
    _dsqrt                                   0x08005ce9   Thumb Code   404  dsqrt_umaal.o(x$fpl$dsqrt)
    __aeabi_dsub                             0x08005e81   Thumb Code     0  daddsub_clz.o(x$fpl$dsub)
    _dsub                                    0x08005e81   Thumb Code   464  daddsub_clz.o(x$fpl$dsub)
    __aeabi_f2d                              0x08006055   Thumb Code     0  f2d.o(x$fpl$f2d)
    _f2d                                     0x08006055   Thumb Code    86  f2d.o(x$fpl$f2d)
    __fpl_fnaninf                            0x080060ab   Thumb Code   140  fnaninf.o(x$fpl$fnaninf)
    _fp_init                                 0x08006137   Thumb Code    10  fpinit.o(x$fpl$fpinit)
    __fplib_config_fpu_vfp                   0x0800613f   Thumb Code     0  fpinit.o(x$fpl$fpinit)
    __fplib_config_pureend_doubles           0x0800613f   Thumb Code     0  fpinit.o(x$fpl$fpinit)
    __fpl_fretinf                            0x08006141   Thumb Code    10  fretinf.o(x$fpl$fretinf)
    __I$use$fp                               0x0800614a   Number         0  usenofp.o(x$fpl$usenofp)
    font16X16                                0x0800614a   Data          64  oled.o(.constdata)
    char8X16                                 0x0800618a   Data        1520  oled.o(.constdata)
    char6X8                                  0x0800677a   Data         570  oled.o(.constdata)
    image                                    0x080069b4   Data         288  oled.o(.constdata)
    AHBPrescTable                            0x08006adc   Data          16  system_stm32f4xx.o(.constdata)
    APBPrescTable                            0x08006aec   Data           8  system_stm32f4xx.o(.constdata)
    __mathlib_zero                           0x08006b90   Data           8  qnan.o(.constdata)
    Region$$Table$$Base                      0x08006b98   Number         0  anon$$obj.o(Region$$Table)
    Region$$Table$$Limit                     0x08006bb8   Number         0  anon$$obj.o(Region$$Table)
    i                                        0x20000000   Data           4  communication.o(.data)
    uart4_rx_byte                            0x20000018   Data           1  ax_laser_task.o(.data)
    yaw_angle                                0x20000020   Data           4  mpu6050.o(.data)
    z                                        0x20000024   Data           4  mpu6050.o(.data)
    timer                                    0x20000028   Data           4  mpu6050.o(.data)
    KalmanX                                  0x20000030   Data          72  mpu6050.o(.data)
    KalmanY                                  0x20000078   Data          72  mpu6050.o(.data)
    V_A                                      0x200000d4   Data           4  motor.o(.data)
    V_B                                      0x200000d8   Data           4  motor.o(.data)
    g_nMotorPulse                            0x200000dc   Data           4  motor.o(.data)
    g_nMotor2Pulse                           0x200000e0   Data           4  motor.o(.data)
    Aima_v                                   0x200000e4   Data           4  motor.o(.data)
    status                                   0x200000e8   Data           1  main.o(.data)
    flag                                     0x200000ec   Data           4  main.o(.data)
    w                                        0x200000f0   Data           4  main.o(.data)
    cmd_id                                   0x200000f4   Data           4  main.o(.data)
    goal                                     0x200000f8   Data           4  main.o(.data)
    tip                                      0x200000fc   Data           4  main.o(.data)
    current_yaw                              0x20000100   Data           4  main.o(.data)
    cmd2                                     0x20000104   Data           4  main.o(.data)
    distance                                 0x20000108   Data           4  main.o(.data)
    uwTickFreq                               0x2000010c   Data           1  stm32f4xx_hal.o(.data)
    uwTickPrio                               0x20000110   Data           4  stm32f4xx_hal.o(.data)
    uwTick                                   0x20000114   Data           4  stm32f4xx_hal.o(.data)
    SystemCoreClock                          0x20000118   Data           4  system_stm32f4xx.o(.data)
    uart3_rx_buffer                          0x2000011c   Data          16  communication.o(.bss)
    num                                      0x2000012c   Data        3000  communication.o(.bss)
    buffer1                                  0x20000ce4   Data        2600  communication.o(.bss)
    angle_q6                                 0x20001750   Data        1040  main.o(.bss)
    distance_q2                              0x20001b60   Data        1040  main.o(.bss)
    Quality                                  0x20001f70   Data         520  main.o(.bss)
    packet                                   0x20002178   Data          21  main.o(.bss)
    tx_buffer                                0x2000218d   Data        2600  main.o(.bss)
    rplidar_data                             0x20002bb5   Data        2602  main.o(.bss)
    mpu6050                                  0x200035e0   Data          96  main.o(.bss)
    hdma_memtomem_dma2_stream0               0x20003640   Data          96  dma.o(.bss)
    hi2c1                                    0x200036a0   Data          84  i2c.o(.bss)
    hi2c3                                    0x200036f4   Data          84  i2c.o(.bss)
    htim1                                    0x20003748   Data          72  tim.o(.bss)
    htim2                                    0x20003790   Data          72  tim.o(.bss)
    htim3                                    0x200037d8   Data          72  tim.o(.bss)
    htim5                                    0x20003820   Data          72  tim.o(.bss)
    htim6                                    0x20003868   Data          72  tim.o(.bss)
    htim7                                    0x200038b0   Data          72  tim.o(.bss)
    htim8                                    0x200038f8   Data          72  tim.o(.bss)
    huart4                                   0x20003940   Data          72  usart.o(.bss)
    huart2                                   0x20003988   Data          72  usart.o(.bss)
    huart3                                   0x200039d0   Data          72  usart.o(.bss)
    hdma_uart4_rx                            0x20003a18   Data          96  usart.o(.bss)
    hdma_usart3_rx                           0x20003a78   Data          96  usart.o(.bss)
    hdma_usart3_tx                           0x20003ad8   Data          96  usart.o(.bss)
    __libspace_start                         0x20003b38   Data          96  libspace.o(.bss)
    __temporary_stack_top$libspace           0x20003b98   Data           0  libspace.o(.bss)



==============================================================================

Memory Map of the image

  Image Entry point : 0x080001c5

  Load Region LR_IROM1 (Base: 0x08000000, Size: 0x00006cd4, Max: 0x00080000, ABSOLUTE)

    Execution Region ER_IROM1 (Exec base: 0x08000000, Load base: 0x08000000, Size: 0x00006bb8, Max: 0x00080000, ABSOLUTE)

    Exec Addr    Load Addr    Size         Type   Attr      Idx    E Section Name        Object

    0x08000000   0x08000000   0x000001c4   Data   RO            3    RESET               startup_stm32f446xx.o
    0x080001c4   0x080001c4   0x00000008   Code   RO         5165  * !!!main             c_w.l(__main.o)
    0x080001cc   0x080001cc   0x00000034   Code   RO         5493    !!!scatter          c_w.l(__scatter.o)
    0x08000200   0x08000200   0x0000001a   Code   RO         5495    !!handler_copy      c_w.l(__scatter_copy.o)
    0x0800021a   0x0800021a   0x00000002   PAD
    0x0800021c   0x0800021c   0x0000001c   Code   RO         5497    !!handler_zi        c_w.l(__scatter_zi.o)
    0x08000238   0x08000238   0x00000002   Code   RO         5430    .ARM.Collect$$libinit$$00000000  c_w.l(libinit.o)
    0x0800023a   0x0800023a   0x00000004   Code   RO         5279    .ARM.Collect$$libinit$$00000001  c_w.l(libinit2.o)
    0x0800023e   0x0800023e   0x00000000   Code   RO         5282    .ARM.Collect$$libinit$$00000004  c_w.l(libinit2.o)
    0x0800023e   0x0800023e   0x00000008   Code   RO         5283    .ARM.Collect$$libinit$$00000005  c_w.l(libinit2.o)
    0x08000246   0x08000246   0x00000000   Code   RO         5285    .ARM.Collect$$libinit$$0000000A  c_w.l(libinit2.o)
    0x08000246   0x08000246   0x00000000   Code   RO         5287    .ARM.Collect$$libinit$$0000000C  c_w.l(libinit2.o)
    0x08000246   0x08000246   0x00000000   Code   RO         5289    .ARM.Collect$$libinit$$0000000E  c_w.l(libinit2.o)
    0x08000246   0x08000246   0x00000000   Code   RO         5292    .ARM.Collect$$libinit$$00000011  c_w.l(libinit2.o)
    0x08000246   0x08000246   0x00000000   Code   RO         5294    .ARM.Collect$$libinit$$00000013  c_w.l(libinit2.o)
    0x08000246   0x08000246   0x00000000   Code   RO         5296    .ARM.Collect$$libinit$$00000015  c_w.l(libinit2.o)
    0x08000246   0x08000246   0x00000000   Code   RO         5298    .ARM.Collect$$libinit$$00000017  c_w.l(libinit2.o)
    0x08000246   0x08000246   0x00000000   Code   RO         5300    .ARM.Collect$$libinit$$00000019  c_w.l(libinit2.o)
    0x08000246   0x08000246   0x00000000   Code   RO         5302    .ARM.Collect$$libinit$$0000001B  c_w.l(libinit2.o)
    0x08000246   0x08000246   0x00000000   Code   RO         5304    .ARM.Collect$$libinit$$0000001D  c_w.l(libinit2.o)
    0x08000246   0x08000246   0x00000000   Code   RO         5306    .ARM.Collect$$libinit$$0000001F  c_w.l(libinit2.o)
    0x08000246   0x08000246   0x00000000   Code   RO         5308    .ARM.Collect$$libinit$$00000021  c_w.l(libinit2.o)
    0x08000246   0x08000246   0x00000000   Code   RO         5310    .ARM.Collect$$libinit$$00000023  c_w.l(libinit2.o)
    0x08000246   0x08000246   0x00000000   Code   RO         5312    .ARM.Collect$$libinit$$00000025  c_w.l(libinit2.o)
    0x08000246   0x08000246   0x00000000   Code   RO         5316    .ARM.Collect$$libinit$$0000002C  c_w.l(libinit2.o)
    0x08000246   0x08000246   0x00000000   Code   RO         5318    .ARM.Collect$$libinit$$0000002E  c_w.l(libinit2.o)
    0x08000246   0x08000246   0x00000000   Code   RO         5320    .ARM.Collect$$libinit$$00000030  c_w.l(libinit2.o)
    0x08000246   0x08000246   0x00000000   Code   RO         5322    .ARM.Collect$$libinit$$00000032  c_w.l(libinit2.o)
    0x08000246   0x08000246   0x00000002   Code   RO         5323    .ARM.Collect$$libinit$$00000033  c_w.l(libinit2.o)
    0x08000248   0x08000248   0x00000002   Code   RO         5490    .ARM.Collect$$libshutdown$$00000000  c_w.l(libshutdown.o)
    0x0800024a   0x0800024a   0x00000000   Code   RO         5446    .ARM.Collect$$libshutdown$$00000002  c_w.l(libshutdown2.o)
    0x0800024a   0x0800024a   0x00000000   Code   RO         5448    .ARM.Collect$$libshutdown$$00000004  c_w.l(libshutdown2.o)
    0x0800024a   0x0800024a   0x00000000   Code   RO         5450    .ARM.Collect$$libshutdown$$00000006  c_w.l(libshutdown2.o)
    0x0800024a   0x0800024a   0x00000000   Code   RO         5453    .ARM.Collect$$libshutdown$$00000009  c_w.l(libshutdown2.o)
    0x0800024a   0x0800024a   0x00000000   Code   RO         5456    .ARM.Collect$$libshutdown$$0000000C  c_w.l(libshutdown2.o)
    0x0800024a   0x0800024a   0x00000000   Code   RO         5458    .ARM.Collect$$libshutdown$$0000000E  c_w.l(libshutdown2.o)
    0x0800024a   0x0800024a   0x00000000   Code   RO         5461    .ARM.Collect$$libshutdown$$00000011  c_w.l(libshutdown2.o)
    0x0800024a   0x0800024a   0x00000002   Code   RO         5462    .ARM.Collect$$libshutdown$$00000012  c_w.l(libshutdown2.o)
    0x0800024c   0x0800024c   0x00000000   Code   RO         5243    .ARM.Collect$$rtentry$$00000000  c_w.l(__rtentry.o)
    0x0800024c   0x0800024c   0x00000000   Code   RO         5362    .ARM.Collect$$rtentry$$00000002  c_w.l(__rtentry2.o)
    0x0800024c   0x0800024c   0x00000006   Code   RO         5374    .ARM.Collect$$rtentry$$00000004  c_w.l(__rtentry4.o)
    0x08000252   0x08000252   0x00000000   Code   RO         5364    .ARM.Collect$$rtentry$$00000009  c_w.l(__rtentry2.o)
    0x08000252   0x08000252   0x00000004   Code   RO         5365    .ARM.Collect$$rtentry$$0000000A  c_w.l(__rtentry2.o)
    0x08000256   0x08000256   0x00000000   Code   RO         5367    .ARM.Collect$$rtentry$$0000000C  c_w.l(__rtentry2.o)
    0x08000256   0x08000256   0x00000008   Code   RO         5368    .ARM.Collect$$rtentry$$0000000D  c_w.l(__rtentry2.o)
    0x0800025e   0x0800025e   0x00000002   Code   RO         5433    .ARM.Collect$$rtexit$$00000000  c_w.l(rtexit.o)
    0x08000260   0x08000260   0x00000000   Code   RO         5466    .ARM.Collect$$rtexit$$00000002  c_w.l(rtexit2.o)
    0x08000260   0x08000260   0x00000004   Code   RO         5467    .ARM.Collect$$rtexit$$00000003  c_w.l(rtexit2.o)
    0x08000264   0x08000264   0x00000006   Code   RO         5468    .ARM.Collect$$rtexit$$00000004  c_w.l(rtexit2.o)
    0x0800026a   0x0800026a   0x00000002   PAD
    0x0800026c   0x0800026c   0x00000000   Code   RO         5385    .emb_text           c_w.l(maybetermalloc1.o)
    0x0800026c   0x0800026c   0x00000040   Code   RO            4    .text               startup_stm32f446xx.o
    0x080002ac   0x080002ac   0x0000005e   Code   RO         5091    .text               c_w.l(h1_alloc.o)
    0x0800030a   0x0800030a   0x0000004e   Code   RO         5093    .text               c_w.l(h1_free.o)
    0x08000358   0x08000358   0x000000ee   Code   RO         5149    .text               c_w.l(lludivv7m.o)
    0x08000446   0x08000446   0x00000064   Code   RO         5157    .text               c_w.l(rt_memcpy_w.o)
    0x080004aa   0x080004aa   0x0000004e   Code   RO         5161    .text               c_w.l(rt_memclr_w.o)
    0x080004f8   0x080004f8   0x00000006   Code   RO         5163    .text               c_w.l(heapauxi.o)
    0x080004fe   0x080004fe   0x00000002   PAD
    0x08000500   0x08000500   0x00000008   Code   RO         5251    .text               c_w.l(rt_heap_descriptor_intlibspace.o)
    0x08000508   0x08000508   0x00000004   Code   RO         5253    .text               c_w.l(hguard.o)
    0x0800050c   0x0800050c   0x0000008a   Code   RO         5255    .text               c_w.l(init_alloc.o)
    0x08000596   0x08000596   0x0000000e   Code   RO         5259    .text               c_w.l(h1_init.o)
    0x080005a4   0x080005a4   0x00000016   Code   RO         5273    .text               c_w.l(_rserrno.o)
    0x080005ba   0x080005ba   0x00000002   PAD
    0x080005bc   0x080005bc   0x00000008   Code   RO         5358    .text               c_w.l(libspace.o)
    0x080005c4   0x080005c4   0x00000008   Code   RO         5381    .text               c_w.l(rt_errno_addr_intlibspace.o)
    0x080005cc   0x080005cc   0x00000034   Code   RO         5387    .text               c_w.l(h1_extend.o)
    0x08000600   0x08000600   0x0000000e   Code   RO         5391    .text               c_w.l(defsig_rtmem_outer.o)
    0x0800060e   0x0800060e   0x00000002   Code   RO         5402    .text               c_w.l(use_no_semi.o)
    0x08000610   0x08000610   0x00000000   Code   RO         5404    .text               c_w.l(indicate_semi.o)
    0x08000610   0x08000610   0x0000004a   Code   RO         5405    .text               c_w.l(sys_stackheap_outer.o)
    0x0800065a   0x0800065a   0x00000012   Code   RO         5411    .text               c_w.l(exit.o)
    0x0800066c   0x0800066c   0x0000000a   Code   RO         5413    .text               c_w.l(defsig_exit.o)
    0x08000676   0x08000676   0x00000002   PAD
    0x08000678   0x08000678   0x00000050   Code   RO         5419    .text               c_w.l(defsig_rtmem_inner.o)
    0x080006c8   0x080006c8   0x0000000c   Code   RO         5431    .text               c_w.l(sys_exit.o)
    0x080006d4   0x080006d4   0x00000032   Code   RO         5441    .text               c_w.l(defsig_general.o)
    0x08000706   0x08000706   0x0000000e   Code   RO         5463    .text               c_w.l(sys_wrch.o)
    0x08000714   0x08000714   0x00000028   Code   RO         1177    i.AX_DELAY_Init     ax_delay.o
    0x0800073c   0x0800073c   0x00000004   Code   RO         1178    i.AX_Delayms        ax_delay.o
    0x08000740   0x08000740   0x00000070   Code   RO         1216    i.AX_LASER_Init     ax_laser.o
    0x080007b0   0x080007b0   0x00000020   Code   RO         1218    i.AX_LASER_Start    ax_laser.o
    0x080007d0   0x080007d0   0x00000002   Code   RO         1849    i.BusFault_Handler  stm32f4xx_it.o
    0x080007d2   0x080007d2   0x00000002   PAD
    0x080007d4   0x080007d4   0x00000014   Code   RO           13    i.Communication_Init  communication.o
    0x080007e8   0x080007e8   0x00000070   Code   RO         1850    i.DMA1_Stream1_IRQHandler  stm32f4xx_it.o
    0x08000858   0x08000858   0x00000080   Code   RO         1851    i.DMA1_Stream2_IRQHandler  stm32f4xx_it.o
    0x080008d8   0x080008d8   0x0000000c   Code   RO         1852    i.DMA1_Stream3_IRQHandler  stm32f4xx_it.o
    0x080008e4   0x080008e4   0x00000028   Code   RO         3005    i.DMA_CalcBaseAndBitshift  stm32f4xx_hal_dma.o
    0x0800090c   0x0800090c   0x00000054   Code   RO         3006    i.DMA_CheckFifoParam  stm32f4xx_hal_dma.o
    0x08000960   0x08000960   0x00000028   Code   RO         3007    i.DMA_SetConfig     stm32f4xx_hal_dma.o
    0x08000988   0x08000988   0x00000002   Code   RO         1853    i.DebugMon_Handler  stm32f4xx_it.o
    0x0800098a   0x0800098a   0x00000002   PAD
    0x0800098c   0x0800098c   0x0000002c   Code   RO         1140    i.Encoder_Init      encoder.o
    0x080009b8   0x080009b8   0x00000004   Code   RO         1464    i.Error_Handler     main.o
    0x080009bc   0x080009bc   0x0000003c   Code   RO         1384    i.GetMotorPulse     motor.o
    0x080009f8   0x080009f8   0x00000092   Code   RO         3008    i.HAL_DMA_Abort     stm32f4xx_hal_dma.o
    0x08000a8a   0x08000a8a   0x00000024   Code   RO         3009    i.HAL_DMA_Abort_IT  stm32f4xx_hal_dma.o
    0x08000aae   0x08000aae   0x00000002   PAD
    0x08000ab0   0x08000ab0   0x000001a0   Code   RO         3013    i.HAL_DMA_IRQHandler  stm32f4xx_hal_dma.o
    0x08000c50   0x08000c50   0x000000d4   Code   RO         3014    i.HAL_DMA_Init      stm32f4xx_hal_dma.o
    0x08000d24   0x08000d24   0x0000006e   Code   RO         3018    i.HAL_DMA_Start_IT  stm32f4xx_hal_dma.o
    0x08000d92   0x08000d92   0x00000002   PAD
    0x08000d94   0x08000d94   0x00000024   Code   RO         3463    i.HAL_Delay         stm32f4xx_hal.o
    0x08000db8   0x08000db8   0x000001dc   Code   RO         2901    i.HAL_GPIO_Init     stm32f4xx_hal_gpio.o
    0x08000f94   0x08000f94   0x0000000a   Code   RO         2905    i.HAL_GPIO_WritePin  stm32f4xx_hal_gpio.o
    0x08000f9e   0x08000f9e   0x00000002   PAD
    0x08000fa0   0x08000fa0   0x0000000c   Code   RO         3469    i.HAL_GetTick       stm32f4xx_hal.o
    0x08000fac   0x08000fac   0x00000188   Code   RO         2006    i.HAL_I2C_Init      stm32f4xx_hal_i2c.o
    0x08001134   0x08001134   0x00000204   Code   RO         2024    i.HAL_I2C_Mem_Read  stm32f4xx_hal_i2c.o
    0x08001338   0x08001338   0x00000130   Code   RO         2027    i.HAL_I2C_Mem_Write  stm32f4xx_hal_i2c.o
    0x08001468   0x08001468   0x000000e8   Code   RO         1648    i.HAL_I2C_MspInit   i2c.o
    0x08001550   0x08001550   0x00000010   Code   RO         3475    i.HAL_IncTick       stm32f4xx_hal.o
    0x08001560   0x08001560   0x00000034   Code   RO         3476    i.HAL_Init          stm32f4xx_hal.o
    0x08001594   0x08001594   0x00000040   Code   RO         3477    i.HAL_InitTick      stm32f4xx_hal.o
    0x080015d4   0x080015d4   0x00000030   Code   RO         1971    i.HAL_MspInit       stm32f4xx_hal_msp.o
    0x08001604   0x08001604   0x0000001a   Code   RO         3311    i.HAL_NVIC_EnableIRQ  stm32f4xx_hal_cortex.o
    0x0800161e   0x0800161e   0x00000002   PAD
    0x08001620   0x08001620   0x00000040   Code   RO         3317    i.HAL_NVIC_SetPriority  stm32f4xx_hal_cortex.o
    0x08001660   0x08001660   0x00000024   Code   RO         3318    i.HAL_NVIC_SetPriorityGrouping  stm32f4xx_hal_cortex.o
    0x08001684   0x08001684   0x00000134   Code   RO         2463    i.HAL_RCC_ClockConfig  stm32f4xx_hal_rcc.o
    0x080017b8   0x080017b8   0x00000020   Code   RO         2470    i.HAL_RCC_GetPCLK1Freq  stm32f4xx_hal_rcc.o
    0x080017d8   0x080017d8   0x00000020   Code   RO         2471    i.HAL_RCC_GetPCLK2Freq  stm32f4xx_hal_rcc.o
    0x080017f8   0x080017f8   0x00000094   Code   RO         2574    i.HAL_RCC_GetSysClockFreq  stm32f4xx_hal_rcc_ex.o
    0x0800188c   0x0800188c   0x00000398   Code   RO         2575    i.HAL_RCC_OscConfig  stm32f4xx_hal_rcc_ex.o
    0x08001c24   0x08001c24   0x00000028   Code   RO         3322    i.HAL_SYSTICK_Config  stm32f4xx_hal_cortex.o
    0x08001c4c   0x08001c4c   0x00000002   Code   RO         4420    i.HAL_TIMEx_BreakCallback  stm32f4xx_hal_tim_ex.o
    0x08001c4e   0x08001c4e   0x00000002   Code   RO         4421    i.HAL_TIMEx_CommutCallback  stm32f4xx_hal_tim_ex.o
    0x08001c50   0x08001c50   0x00000090   Code   RO         4439    i.HAL_TIMEx_MasterConfigSynchronization  stm32f4xx_hal_tim_ex.o
    0x08001ce0   0x08001ce0   0x0000005a   Code   RO         3716    i.HAL_TIM_Base_Init  stm32f4xx_hal_tim.o
    0x08001d3a   0x08001d3a   0x00000002   PAD
    0x08001d3c   0x08001d3c   0x000000b4   Code   RO         1696    i.HAL_TIM_Base_MspInit  tim.o
    0x08001df0   0x08001df0   0x00000078   Code   RO         3719    i.HAL_TIM_Base_Start  stm32f4xx_hal_tim.o
    0x08001e68   0x08001e68   0x00000080   Code   RO         3721    i.HAL_TIM_Base_Start_IT  stm32f4xx_hal_tim.o
    0x08001ee8   0x08001ee8   0x000000dc   Code   RO         3725    i.HAL_TIM_ConfigClockSource  stm32f4xx_hal_tim.o
    0x08001fc4   0x08001fc4   0x000000a4   Code   RO         3737    i.HAL_TIM_Encoder_Init  stm32f4xx_hal_tim.o
    0x08002068   0x08002068   0x000000a8   Code   RO         1698    i.HAL_TIM_Encoder_MspInit  tim.o
    0x08002110   0x08002110   0x0000008e   Code   RO         3740    i.HAL_TIM_Encoder_Start  stm32f4xx_hal_tim.o
    0x0800219e   0x0800219e   0x00000002   Code   RO         3750    i.HAL_TIM_IC_CaptureCallback  stm32f4xx_hal_tim.o
    0x080021a0   0x080021a0   0x00000130   Code   RO         3764    i.HAL_TIM_IRQHandler  stm32f4xx_hal_tim.o
    0x080022d0   0x080022d0   0x00000078   Code   RO         1699    i.HAL_TIM_MspPostInit  tim.o
    0x08002348   0x08002348   0x00000002   Code   RO         3767    i.HAL_TIM_OC_DelayElapsedCallback  stm32f4xx_hal_tim.o
    0x0800234a   0x0800234a   0x000000cc   Code   RO         3788    i.HAL_TIM_PWM_ConfigChannel  stm32f4xx_hal_tim.o
    0x08002416   0x08002416   0x0000005a   Code   RO         3791    i.HAL_TIM_PWM_Init  stm32f4xx_hal_tim.o
    0x08002470   0x08002470   0x00000002   Code   RO         3793    i.HAL_TIM_PWM_MspInit  stm32f4xx_hal_tim.o
    0x08002472   0x08002472   0x00000002   Code   RO         3794    i.HAL_TIM_PWM_PulseFinishedCallback  stm32f4xx_hal_tim.o
    0x08002474   0x08002474   0x000000c8   Code   RO         3796    i.HAL_TIM_PWM_Start  stm32f4xx_hal_tim.o
    0x0800253c   0x0800253c   0x0000014c   Code   RO         1465    i.HAL_TIM_PeriodElapsedCallback  main.o
    0x08002688   0x08002688   0x00000002   Code   RO         3807    i.HAL_TIM_TriggerCallback  stm32f4xx_hal_tim.o
    0x0800268a   0x0800268a   0x00000002   Code   RO         4699    i.HAL_UARTEx_RxEventCallback  stm32f4xx_hal_uart.o
    0x0800268c   0x0800268c   0x00000002   Code   RO         4713    i.HAL_UART_ErrorCallback  stm32f4xx_hal_uart.o
    0x0800268e   0x0800268e   0x00000002   PAD
    0x08002690   0x08002690   0x00000280   Code   RO         4716    i.HAL_UART_IRQHandler  stm32f4xx_hal_uart.o
    0x08002910   0x08002910   0x00000064   Code   RO         4717    i.HAL_UART_Init     stm32f4xx_hal_uart.o
    0x08002974   0x08002974   0x000001d8   Code   RO         1792    i.HAL_UART_MspInit  usart.o
    0x08002b4c   0x08002b4c   0x0000001c   Code   RO         4721    i.HAL_UART_Receive_DMA  stm32f4xx_hal_uart.o
    0x08002b68   0x08002b68   0x0000001c   Code   RO         4722    i.HAL_UART_Receive_IT  stm32f4xx_hal_uart.o
    0x08002b84   0x08002b84   0x00000068   Code   RO           14    i.HAL_UART_RxCpltCallback  communication.o
    0x08002bec   0x08002bec   0x00000002   Code   RO         4724    i.HAL_UART_RxHalfCpltCallback  stm32f4xx_hal_uart.o
    0x08002bee   0x08002bee   0x000000a0   Code   RO         4725    i.HAL_UART_Transmit  stm32f4xx_hal_uart.o
    0x08002c8e   0x08002c8e   0x00000002   PAD
    0x08002c90   0x08002c90   0x00000084   Code   RO         4726    i.HAL_UART_Transmit_DMA  stm32f4xx_hal_uart.o
    0x08002d14   0x08002d14   0x00000002   Code   RO         4728    i.HAL_UART_TxCpltCallback  stm32f4xx_hal_uart.o
    0x08002d16   0x08002d16   0x00000002   Code   RO         4729    i.HAL_UART_TxHalfCpltCallback  stm32f4xx_hal_uart.o
    0x08002d18   0x08002d18   0x00000002   Code   RO         1854    i.HardFault_Handler  stm32f4xx_it.o
    0x08002d1a   0x08002d1a   0x0000002e   Code   RO         2049    i.I2C_IsAcknowledgeFailed  stm32f4xx_hal_i2c.o
    0x08002d48   0x08002d48   0x000000fc   Code   RO         2059    i.I2C_RequestMemoryRead  stm32f4xx_hal_i2c.o
    0x08002e44   0x08002e44   0x000000a8   Code   RO         2060    i.I2C_RequestMemoryWrite  stm32f4xx_hal_i2c.o
    0x08002eec   0x08002eec   0x00000056   Code   RO         2064    i.I2C_WaitOnBTFFlagUntilTimeout  stm32f4xx_hal_i2c.o
    0x08002f42   0x08002f42   0x00000002   PAD
    0x08002f44   0x08002f44   0x00000090   Code   RO         2065    i.I2C_WaitOnFlagUntilTimeout  stm32f4xx_hal_i2c.o
    0x08002fd4   0x08002fd4   0x000000bc   Code   RO         2066    i.I2C_WaitOnMasterAddressFlagUntilTimeout  stm32f4xx_hal_i2c.o
    0x08003090   0x08003090   0x00000070   Code   RO         2067    i.I2C_WaitOnRXNEFlagUntilTimeout  stm32f4xx_hal_i2c.o
    0x08003100   0x08003100   0x00000056   Code   RO         2068    i.I2C_WaitOnTXEFlagUntilTimeout  stm32f4xx_hal_i2c.o
    0x08003156   0x08003156   0x000001d6   Code   RO         1320    i.Kalman_getAngle   mpu6050.o
    0x0800332c   0x0800332c   0x0000002c   Code   RO         1283    i.Laser_Task_Init   ax_laser_task.o
    0x08003358   0x08003358   0x00000092   Code   RO         1321    i.MPU6050_Init      mpu6050.o
    0x080033ea   0x080033ea   0x00000002   PAD
    0x080033ec   0x080033ec   0x0000034c   Code   RO         1323    i.MPU6050_Read_All  mpu6050.o
    0x08003738   0x08003738   0x00000098   Code   RO         1617    i.MX_DMA_Init       dma.o
    0x080037d0   0x080037d0   0x00000098   Code   RO         1590    i.MX_GPIO_Init      gpio.o
    0x08003868   0x08003868   0x00000040   Code   RO         1649    i.MX_I2C1_Init      i2c.o
    0x080038a8   0x080038a8   0x00000040   Code   RO         1650    i.MX_I2C3_Init      i2c.o
    0x080038e8   0x080038e8   0x00000068   Code   RO         1700    i.MX_TIM1_Init      tim.o
    0x08003950   0x08003950   0x00000068   Code   RO         1701    i.MX_TIM2_Init      tim.o
    0x080039b8   0x080039b8   0x000000d8   Code   RO         1702    i.MX_TIM3_Init      tim.o
    0x08003a90   0x08003a90   0x00000068   Code   RO         1703    i.MX_TIM5_Init      tim.o
    0x08003af8   0x08003af8   0x00000044   Code   RO         1704    i.MX_TIM6_Init      tim.o
    0x08003b3c   0x08003b3c   0x00000044   Code   RO         1705    i.MX_TIM7_Init      tim.o
    0x08003b80   0x08003b80   0x0000006c   Code   RO         1706    i.MX_TIM8_Init      tim.o
    0x08003bec   0x08003bec   0x00000038   Code   RO         1793    i.MX_UART4_Init     usart.o
    0x08003c24   0x08003c24   0x00000038   Code   RO         1794    i.MX_USART2_UART_Init  usart.o
    0x08003c5c   0x08003c5c   0x00000038   Code   RO         1795    i.MX_USART3_UART_Init  usart.o
    0x08003c94   0x08003c94   0x00000002   Code   RO         1855    i.MemManage_Handler  stm32f4xx_it.o
    0x08003c96   0x08003c96   0x00000002   Code   RO         1856    i.NMI_Handler       stm32f4xx_it.o
    0x08003c98   0x08003c98   0x00000026   Code   RO          953    i.OLED_Clear        oled.o
    0x08003cbe   0x08003cbe   0x00000002   PAD
    0x08003cc0   0x08003cc0   0x00000040   Code   RO          954    i.OLED_Init         oled.o
    0x08003d00   0x08003d00   0x0000004c   Code   RO          956    i.OLED_ShowChar8X16  oled.o
    0x08003d4c   0x08003d4c   0x00000046   Code   RO          960    i.OLED_ShowNum8X16  oled.o
    0x08003d92   0x08003d92   0x00000002   PAD
    0x08003d94   0x08003d94   0x0000002a   Code   RO          962    i.OLED_ShowString8X16  oled.o
    0x08003dbe   0x08003dbe   0x0000008c   Code   RO          963    i.OLED_Showdecimal8X16  oled.o
    0x08003e4a   0x08003e4a   0x00000002   PAD
    0x08003e4c   0x08003e4c   0x0000007c   Code   RO          182    i.PID1              car_control.o
    0x08003ec8   0x08003ec8   0x00000024   Code   RO         1111    i.PID_Init          pid.o
    0x08003eec   0x08003eec   0x00000006   Code   RO         1112    i.PID_Set_Setpoint  pid.o
    0x08003ef2   0x08003ef2   0x00000002   PAD
    0x08003ef4   0x08003ef4   0x000000fc   Code   RO          183    i.PID_TurnToLeft    car_control.o
    0x08003ff0   0x08003ff0   0x00000002   Code   RO         1857    i.PendSV_Handler    stm32f4xx_it.o
    0x08003ff2   0x08003ff2   0x00000002   Code   RO         1858    i.SVC_Handler       stm32f4xx_it.o
    0x08003ff4   0x08003ff4   0x000000a0   Code   RO          185    i.Speed_PID_Init    car_control.o
    0x08004094   0x08004094   0x00000018   Code   RO         1070    i.Speed_Solver_Init  speed_solver.o
    0x080040ac   0x080040ac   0x00000004   Code   RO         1859    i.SysTick_Handler   stm32f4xx_it.o
    0x080040b0   0x080040b0   0x00000098   Code   RO         1467    i.SystemClock_Config  main.o
    0x08004148   0x08004148   0x00000010   Code   RO         5051    i.SystemInit        system_stm32f4xx.o
    0x08004158   0x08004158   0x0000000c   Code   RO         1860    i.TIM5_IRQHandler   stm32f4xx_it.o
    0x08004164   0x08004164   0x0000000c   Code   RO         1861    i.TIM6_DAC_IRQHandler  stm32f4xx_it.o
    0x08004170   0x08004170   0x000000d0   Code   RO         3809    i.TIM_Base_SetConfig  stm32f4xx_hal_tim.o
    0x08004240   0x08004240   0x0000001a   Code   RO         3810    i.TIM_CCxChannelCmd  stm32f4xx_hal_tim.o
    0x0800425a   0x0800425a   0x00000014   Code   RO         3820    i.TIM_ETR_SetConfig  stm32f4xx_hal_tim.o
    0x0800426e   0x0800426e   0x00000010   Code   RO         3821    i.TIM_ITRx_SetConfig  stm32f4xx_hal_tim.o
    0x0800427e   0x0800427e   0x00000002   PAD
    0x08004280   0x08004280   0x00000060   Code   RO         3822    i.TIM_OC1_SetConfig  stm32f4xx_hal_tim.o
    0x080042e0   0x080042e0   0x0000006c   Code   RO         3823    i.TIM_OC2_SetConfig  stm32f4xx_hal_tim.o
    0x0800434c   0x0800434c   0x00000068   Code   RO         3824    i.TIM_OC3_SetConfig  stm32f4xx_hal_tim.o
    0x080043b4   0x080043b4   0x00000050   Code   RO         3825    i.TIM_OC4_SetConfig  stm32f4xx_hal_tim.o
    0x08004404   0x08004404   0x00000022   Code   RO         3827    i.TIM_TI1_ConfigInputStage  stm32f4xx_hal_tim.o
    0x08004426   0x08004426   0x00000024   Code   RO         3829    i.TIM_TI2_ConfigInputStage  stm32f4xx_hal_tim.o
    0x0800444a   0x0800444a   0x00000002   PAD
    0x0800444c   0x0800444c   0x0000000c   Code   RO         1862    i.UART4_IRQHandler  stm32f4xx_it.o
    0x08004458   0x08004458   0x0000000e   Code   RO         4730    i.UART_DMAAbortOnError  stm32f4xx_hal_uart.o
    0x08004466   0x08004466   0x0000004a   Code   RO         4731    i.UART_DMAError     stm32f4xx_hal_uart.o
    0x080044b0   0x080044b0   0x00000086   Code   RO         4732    i.UART_DMAReceiveCplt  stm32f4xx_hal_uart.o
    0x08004536   0x08004536   0x0000001e   Code   RO         4734    i.UART_DMARxHalfCplt  stm32f4xx_hal_uart.o
    0x08004554   0x08004554   0x00000042   Code   RO         4736    i.UART_DMATransmitCplt  stm32f4xx_hal_uart.o
    0x08004596   0x08004596   0x0000000a   Code   RO         4738    i.UART_DMATxHalfCplt  stm32f4xx_hal_uart.o
    0x080045a0   0x080045a0   0x0000004e   Code   RO         4740    i.UART_EndRxTransfer  stm32f4xx_hal_uart.o
    0x080045ee   0x080045ee   0x0000001c   Code   RO         4741    i.UART_EndTxTransfer  stm32f4xx_hal_uart.o
    0x0800460a   0x0800460a   0x000000c2   Code   RO         4742    i.UART_Receive_IT   stm32f4xx_hal_uart.o
    0x080046cc   0x080046cc   0x0000010c   Code   RO         4743    i.UART_SetConfig    stm32f4xx_hal_uart.o
    0x080047d8   0x080047d8   0x000000a0   Code   RO         4744    i.UART_Start_Receive_DMA  stm32f4xx_hal_uart.o
    0x08004878   0x08004878   0x00000036   Code   RO         4745    i.UART_Start_Receive_IT  stm32f4xx_hal_uart.o
    0x080048ae   0x080048ae   0x00000072   Code   RO         4746    i.UART_WaitOnFlagUntilTimeout  stm32f4xx_hal_uart.o
    0x08004920   0x08004920   0x0000000c   Code   RO         1863    i.USART3_IRQHandler  stm32f4xx_it.o
    0x0800492c   0x0800492c   0x00000002   Code   RO         1864    i.UsageFault_Handler  stm32f4xx_it.o
    0x0800492e   0x0800492e   0x00000030   Code   RO         5351    i.__ARM_fpclassify  m_wm.l(fpclassify.o)
    0x0800495e   0x0800495e   0x00000020   Code   RO         3324    i.__NVIC_SetPriority  stm32f4xx_hal_cortex.o
    0x0800497e   0x0800497e   0x00000002   PAD
    0x08004980   0x08004980   0x000002d8   Code   RO         5197    i.__hardfp_atan     m_wm.l(atan.o)
    0x08004c58   0x08004c58   0x00000200   Code   RO         5211    i.__hardfp_atan2    m_wm.l(atan2.o)
    0x08004e58   0x08004e58   0x00000014   Code   RO         5223    i.__hardfp_fabs     m_wm.l(fabs.o)
    0x08004e6c   0x08004e6c   0x0000007a   Code   RO         5229    i.__hardfp_sqrt     m_wm.l(sqrt.o)
    0x08004ee6   0x08004ee6   0x000000f8   Code   RO         5353    i.__kernel_poly     m_wm.l(poly.o)
    0x08004fde   0x08004fde   0x00000014   Code   RO         5338    i.__mathlib_dbl_infnan  m_wm.l(dunder.o)
    0x08004ff2   0x08004ff2   0x00000014   Code   RO         5339    i.__mathlib_dbl_infnan2  m_wm.l(dunder.o)
    0x08005006   0x08005006   0x00000002   PAD
    0x08005008   0x08005008   0x00000020   Code   RO         5343    i.__mathlib_dbl_underflow  m_wm.l(dunder.o)
    0x08005028   0x08005028   0x00000026   Code   RO          964    i._getNumPost       oled.o
    0x0800504e   0x0800504e   0x00000010   Code   RO          965    i._pow              oled.o
    0x0800505e   0x0800505e   0x00000024   Code   RO          966    i._setPosition      oled.o
    0x08005082   0x08005082   0x00000002   PAD
    0x08005084   0x08005084   0x00000024   Code   RO          967    i._writeCMD         oled.o
    0x080050a8   0x080050a8   0x00000024   Code   RO          968    i._writeDATA        oled.o
    0x080050cc   0x080050cc   0x00000078   Code   RO         1387    i.angle             motor.o
    0x08005144   0x08005144   0x00000010   Code   RO         5199    i.atan              m_wm.l(atan.o)
    0x08005154   0x08005154   0x00000018   Code   RO         1469    i.clc               main.o
    0x0800516c   0x0800516c   0x00000018   Code   RO         5225    i.fabs              m_wm.l(fabs.o)
    0x08005184   0x08005184   0x00000030   Code   RO          191    i.limit             car_control.o
    0x080051b4   0x080051b4   0x000001b8   Code   RO         1471    i.main              main.o
    0x0800536c   0x0800536c   0x0000001c   Code   RO          192    i.motorA_goBackward  car_control.o
    0x08005388   0x08005388   0x0000001c   Code   RO          193    i.motorA_goForward  car_control.o
    0x080053a4   0x080053a4   0x00000014   Code   RO          194    i.motorA_stop       car_control.o
    0x080053b8   0x080053b8   0x0000001c   Code   RO          195    i.motorB_goBackward  car_control.o
    0x080053d4   0x080053d4   0x0000001c   Code   RO          196    i.motorB_goForward  car_control.o
    0x080053f0   0x080053f0   0x00000014   Code   RO          197    i.motorB_stop       car_control.o
    0x08005404   0x08005404   0x0000003c   Code   RO          198    i.right             car_control.o
    0x08005440   0x08005440   0x00000040   Code   RO         1474    i.send_packetPacNew  main.o
    0x08005480   0x08005480   0x0000000e   Code   RO          199    i.stopMotors        car_control.o
    0x0800548e   0x0800548e   0x00000018   Code   RO         5167    x$fpl$basic         fz_wm.l(basic.o)
    0x080054a6   0x080054a6   0x00000002   PAD
    0x080054a8   0x080054a8   0x00000062   Code   RO         5169    x$fpl$d2f           fz_wm.l(d2f.o)
    0x0800550a   0x0800550a   0x00000002   PAD
    0x0800550c   0x0800550c   0x00000150   Code   RO         5171    x$fpl$dadd          fz_wm.l(daddsub_clz.o)
    0x0800565c   0x0800565c   0x00000018   Code   RO         5324    x$fpl$dcmpinf       fz_wm.l(dcmpi.o)
    0x08005674   0x08005674   0x000002b0   Code   RO         5178    x$fpl$ddiv          fz_wm.l(ddiv.o)
    0x08005924   0x08005924   0x00000078   Code   RO         5181    x$fpl$deqf          fz_wm.l(deqf.o)
    0x0800599c   0x0800599c   0x0000002e   Code   RO         5184    x$fpl$dflt          fz_wm.l(dflt_clz.o)
    0x080059ca   0x080059ca   0x00000026   Code   RO         5183    x$fpl$dfltu         fz_wm.l(dflt_clz.o)
    0x080059f0   0x080059f0   0x00000078   Code   RO         5189    x$fpl$dleqf         fz_wm.l(dleqf.o)
    0x08005a68   0x08005a68   0x00000154   Code   RO         5191    x$fpl$dmul          fz_wm.l(dmul.o)
    0x08005bbc   0x08005bbc   0x0000009c   Code   RO         5326    x$fpl$dnaninf       fz_wm.l(dnaninf.o)
    0x08005c58   0x08005c58   0x0000000c   Code   RO         5328    x$fpl$dretinf       fz_wm.l(dretinf.o)
    0x08005c64   0x08005c64   0x0000006c   Code   RO         5193    x$fpl$drleqf        fz_wm.l(drleqf.o)
    0x08005cd0   0x08005cd0   0x00000016   Code   RO         5172    x$fpl$drsb          fz_wm.l(daddsub_clz.o)
    0x08005ce6   0x08005ce6   0x00000002   PAD
    0x08005ce8   0x08005ce8   0x00000198   Code   RO         5330    x$fpl$dsqrt         fz_wm.l(dsqrt_umaal.o)
    0x08005e80   0x08005e80   0x000001d4   Code   RO         5173    x$fpl$dsub          fz_wm.l(daddsub_clz.o)
    0x08006054   0x08006054   0x00000056   Code   RO         5195    x$fpl$f2d           fz_wm.l(f2d.o)
    0x080060aa   0x080060aa   0x0000008c   Code   RO         5332    x$fpl$fnaninf       fz_wm.l(fnaninf.o)
    0x08006136   0x08006136   0x0000000a   Code   RO         5400    x$fpl$fpinit        fz_wm.l(fpinit.o)
    0x08006140   0x08006140   0x0000000a   Code   RO         5334    x$fpl$fretinf       fz_wm.l(fretinf.o)
    0x0800614a   0x0800614a   0x00000000   Code   RO         5336    x$fpl$usenofp       fz_wm.l(usenofp.o)
    0x0800614a   0x0800614a   0x0000098a   Data   RO          969    .constdata          oled.o
    0x08006ad4   0x08006ad4   0x00000008   Data   RO         3020    .constdata          stm32f4xx_hal_dma.o
    0x08006adc   0x08006adc   0x00000010   Data   RO         5052    .constdata          system_stm32f4xx.o
    0x08006aec   0x08006aec   0x00000008   Data   RO         5053    .constdata          system_stm32f4xx.o
    0x08006af4   0x08006af4   0x00000004   PAD
    0x08006af8   0x08006af8   0x00000098   Data   RO         5200    .constdata          m_wm.l(atan.o)
    0x08006b90   0x08006b90   0x00000008   Data   RO         5355    .constdata          m_wm.l(qnan.o)
    0x08006b98   0x08006b98   0x00000020   Data   RO         5491    Region$$Table       anon$$obj.o


    Execution Region RW_IRAM1 (Exec base: 0x20000000, Load base: 0x08006bb8, Size: 0x00004198, Max: 0x00020000, ABSOLUTE)

    Exec Addr    Load Addr    Size         Type   Attr      Idx    E Section Name        Object

    0x20000000   0x08006bb8   0x00000004   Data   RW           18    .data               communication.o
    0x20000004   0x08006bbc   0x00000014   Data   RW         1072    .data               speed_solver.o
    0x20000018   0x08006bd0   0x00000001   Data   RW         1285    .data               ax_laser_task.o
    0x20000019   0x08006bd1   0x00000007   PAD
    0x20000020   0x08006bd8   0x000000a0   Data   RW         1328    .data               mpu6050.o
    0x200000c0   0x08006c78   0x00000028   Data   RW         1392    .data               motor.o
    0x200000e8   0x08006ca0   0x00000024   Data   RW         1482    .data               main.o
    0x2000010c   0x08006cc4   0x0000000c   Data   RW         3483    .data               stm32f4xx_hal.o
    0x20000118   0x08006cd0   0x00000004   Data   RW         5054    .data               system_stm32f4xx.o
    0x2000011c        -       0x000015f0   Zero   RW           17    .bss                communication.o
    0x2000170c        -       0x00000040   Zero   RW          202    .bss                car_control.o
    0x2000174c   0x08006cd4   0x00000004   PAD
    0x20001750        -       0x00001ef0   Zero   RW         1476    .bss                main.o
    0x20003640        -       0x00000060   Zero   RW         1618    .bss                dma.o
    0x200036a0        -       0x000000a8   Zero   RW         1651    .bss                i2c.o
    0x20003748        -       0x000001f8   Zero   RW         1707    .bss                tim.o
    0x20003940        -       0x000001f8   Zero   RW         1796    .bss                usart.o
    0x20003b38        -       0x00000060   Zero   RW         5359    .bss                c_w.l(libspace.o)
    0x20003b98        -       0x00000200   Zero   RW            2    HEAP                startup_stm32f446xx.o
    0x20003d98        -       0x00000400   Zero   RW            1    STACK               startup_stm32f446xx.o


==============================================================================

Image component sizes


      Code (inc. data)   RO Data    RW Data    ZI Data      Debug   Object Name

        44          8          0          0          0       1093   ax_delay.o
       144         18          0          0          0       3333   ax_laser.o
        44          8          0          1          0        890   ax_laser_task.o
       810         94          0          0         64     710824   car_control.o
       124         42          0          4       5616     723886   communication.o
       152         12          0          0         96       1311   dma.o
        44         10          0          0          0        559   encoder.o
       152         14          0          0          0       1103   gpio.o
       360         52          0          0        168       2762   i2c.o
      1016        144          0         36       7920       8162   main.o
       180         36          0         40          0       2767   motor.o
      1460         92          0        160          0       4318   mpu6050.o
       592         38       2442          0          0       9179   oled.o
        42          6          0          0          0       2182   pid.o
        24          8          0         20          0       1710   speed_solver.o
        64         26        452          0       1536        888   startup_stm32f446xx.o
       180         28          0         12          0       9825   stm32f4xx_hal.o
       198         14          0          0          0      34243   stm32f4xx_hal_cortex.o
      1084         16          8          0          0       7978   stm32f4xx_hal_dma.o
       486         40          0          0          0       2396   stm32f4xx_hal_gpio.o
      2294         52          0          0          0      14038   stm32f4xx_hal_i2c.o
        48          6          0          0          0        998   stm32f4xx_hal_msp.o
       372         44          0          0          0       3194   stm32f4xx_hal_rcc.o
      1068         28          0          0          0       3026   stm32f4xx_hal_rcc_ex.o
      2400        166          0          0          0      21554   stm32f4xx_hal_tim.o
       148         28          0          0          0       2769   stm32f4xx_hal_tim_ex.o
      2322         40          0          0          0      20664   stm32f4xx_hal_uart.o
       320         64          0          0          0       8799   stm32f4xx_it.o
        16          4         24          4          0       1339   system_stm32f4xx.o
      1240        116          0          0        504       8120   tim.o
       640         62          0          0        504       4001   usart.o

    ----------------------------------------------------------------------
     18106       1316       2962        284      16412    1617911   Object Totals
         0          0         32          0          0          0   (incl. Generated)
        38          0          4          7          4          0   (incl. Padding)

    ----------------------------------------------------------------------

      Code (inc. data)   RO Data    RW Data    ZI Data      Debug   Library Member Name

         8          0          0          0          0         68   __main.o
         0          0          0          0          0          0   __rtentry.o
        12          0          0          0          0          0   __rtentry2.o
         6          0          0          0          0          0   __rtentry4.o
        52          8          0          0          0          0   __scatter.o
        26          0          0          0          0          0   __scatter_copy.o
        28          0          0          0          0          0   __scatter_zi.o
        22          0          0          0          0        100   _rserrno.o
        10          0          0          0          0         68   defsig_exit.o
        50          0          0          0          0         88   defsig_general.o
        80         58          0          0          0         76   defsig_rtmem_inner.o
        14          0          0          0          0         80   defsig_rtmem_outer.o
        18          0          0          0          0         80   exit.o
        94          0          0          0          0         80   h1_alloc.o
        52          0          0          0          0         68   h1_extend.o
        78          0          0          0          0         80   h1_free.o
        14          0          0          0          0         84   h1_init.o
         6          0          0          0          0        152   heapauxi.o
         4          0          0          0          0        136   hguard.o
         0          0          0          0          0          0   indicate_semi.o
       138          0          0          0          0        168   init_alloc.o
         2          0          0          0          0          0   libinit.o
        14          0          0          0          0          0   libinit2.o
         2          0          0          0          0          0   libshutdown.o
         2          0          0          0          0          0   libshutdown2.o
         8          4          0          0         96         68   libspace.o
       238          0          0          0          0        100   lludivv7m.o
         0          0          0          0          0          0   maybetermalloc1.o
         8          4          0          0          0         68   rt_errno_addr_intlibspace.o
         8          4          0          0          0         68   rt_heap_descriptor_intlibspace.o
        78          0          0          0          0         80   rt_memclr_w.o
       100          0          0          0          0         80   rt_memcpy_w.o
         2          0          0          0          0          0   rtexit.o
        10          0          0          0          0          0   rtexit2.o
        12          4          0          0          0         68   sys_exit.o
        74          0          0          0          0         80   sys_stackheap_outer.o
        14          0          0          0          0         76   sys_wrch.o
         2          0          0          0          0         68   use_no_semi.o
        24          0          0          0          0        164   basic.o
        98          4          0          0          0        140   d2f.o
       826         16          0          0          0        492   daddsub_clz.o
        24          0          0          0          0        116   dcmpi.o
       688        140          0          0          0        256   ddiv.o
       120          4          0          0          0        140   deqf.o
        84          0          0          0          0        232   dflt_clz.o
       120          4          0          0          0        140   dleqf.o
       340         12          0          0          0        152   dmul.o
       156          4          0          0          0        140   dnaninf.o
        12          0          0          0          0        116   dretinf.o
       108          0          0          0          0        128   drleqf.o
       408         56          0          0          0        168   dsqrt_umaal.o
        86          4          0          0          0        132   f2d.o
       140          4          0          0          0        132   fnaninf.o
        10          0          0          0          0        116   fpinit.o
        10          0          0          0          0        116   fretinf.o
         0          0          0          0          0          0   usenofp.o
       744        106        152          0          0        352   atan.o
       512         64          0          0          0        208   atan2.o
        72          8          0          0          0        372   dunder.o
        44          0          0          0          0        248   fabs.o
        48          0          0          0          0        124   fpclassify.o
       248          0          0          0          0        152   poly.o
         0          0          8          0          0          0   qnan.o
       122          0          0          0          0        148   sqrt.o

    ----------------------------------------------------------------------
      6348        508        160          0         96       6568   Library Totals
        18          0          0          0          0          0   (incl. Padding)

    ----------------------------------------------------------------------

      Code (inc. data)   RO Data    RW Data    ZI Data      Debug   Library Name

      1286         82          0          0         96       2084   c_w.l
      3254        248          0          0          0       2880   fz_wm.l
      1790        178        160          0          0       1604   m_wm.l

    ----------------------------------------------------------------------
      6348        508        160          0         96       6568   Library Totals

    ----------------------------------------------------------------------

==============================================================================


      Code (inc. data)   RO Data    RW Data    ZI Data      Debug   

     24454       1824       3122        284      16508    1604387   Grand Totals
     24454       1824       3122        284      16508    1604387   ELF Image Totals
     24454       1824       3122        284          0          0   ROM Totals

==============================================================================

    Total RO  Size (Code + RO Data)                27576 (  26.93kB)
    Total RW  Size (RW Data + ZI Data)             16792 (  16.40kB)
    Total ROM Size (Code + RO Data + RW Data)      27860 (  27.21kB)

==============================================================================

